172.68.125.137 - - [12/Sep/2024:17:24:00 -0400] "GET / HTTP/1.1" 200 4823 "-" "Mozilla/5.0 (Windows NT 10.0; Win64; x64) AppleWebKit/537.36 (KHTML, like Gecko) Chrome/128.0.0.0 Safari/537.36"
172.68.125.143 - - [12/Sep/2024:17:34:21 -0400] "GET / HTTP/1.1" 200 4823 "-" "Mozilla/5.0 (Windows NT 10.0; Win64; x64) AppleWebKit/537.36 (KHTML, like Gecko) Chrome/128.0.0.0 Safari/537.36"
172.68.230.169 - - [12/Sep/2024:17:49:23 -0400] "GET / HTTP/1.1" 200 4823 "-" "Mozilla/5.0 (Windows NT 10.0; Win64; x64) AppleWebKit/537.36 (KHTML, like Gecko) Chrome/128.0.0.0 Safari/537.36 Edg/128.0.0.0"
172.68.230.169 - - [12/Sep/2024:17:51:55 -0400] "GET / HTTP/1.1" 200 4823 "-" "Mozilla/5.0 (Windows NT 10.0; Win64; x64) AppleWebKit/537.36 (KHTML, like Gecko) Chrome/128.0.0.0 Safari/537.36 Edg/128.0.0.0"
172.68.230.168 - - [12/Sep/2024:17:52:11 -0400] "GET /config.json HTTP/1.1" 200 203 "-" "Mozilla/5.0 (Windows NT 10.0; Win64; x64) AppleWebKit/537.36 (KHTML, like Gecko) Chrome/128.0.0.0 Safari/537.36 Edg/128.0.0.0"
172.68.230.169 - - [12/Sep/2024:17:52:33 -0400] "GET / HTTP/1.1" 200 4823 "-" "Mozilla/5.0 (Windows NT 10.0; Win64; x64) AppleWebKit/537.36 (KHTML, like Gecko) Chrome/128.0.0.0 Safari/537.36 Edg/128.0.0.0"
172.68.230.168 - - [12/Sep/2024:17:52:56 -0400] "GET / HTTP/1.1" 200 4823 "-" "Mozilla/5.0 (Windows NT 10.0; Win64; x64) AppleWebKit/537.36 (KHTML, like Gecko) Chrome/128.0.0.0 Safari/537.36 Edg/128.0.0.0"
172.68.230.169 - - [12/Sep/2024:17:53:21 -0400] "GET / HTTP/1.1" 200 4823 "-" "Mozilla/5.0 (Windows NT 10.0; Win64; x64) AppleWebKit/537.36 (KHTML, like Gecko) Chrome/128.0.0.0 Safari/537.36 Edg/128.0.0.0"
172.68.230.169 - - [12/Sep/2024:17:53:23 -0400] "GET / HTTP/1.1" 200 4823 "-" "Mozilla/5.0 (Windows NT 10.0; Win64; x64) AppleWebKit/537.36 (KHTML, like Gecko) Chrome/128.0.0.0 Safari/537.36 Edg/128.0.0.0"
172.68.230.162 - - [12/Sep/2024:18:01:13 -0400] "GET / HTTP/1.1" 200 4823 "-" "Mozilla/5.0 (Windows NT 10.0; Win64; x64) AppleWebKit/537.36 (KHTML, like Gecko) Chrome/128.0.0.0 Safari/537.36 Edg/128.0.0.0"
172.68.230.162 - - [12/Sep/2024:18:01:16 -0400] "GET / HTTP/1.1" 200 4823 "-" "Mozilla/5.0 (Windows NT 10.0; Win64; x64) AppleWebKit/537.36 (KHTML, like Gecko) Chrome/128.0.0.0 Safari/537.36 Edg/128.0.0.0"
172.68.230.162 - - [12/Sep/2024:18:07:19 -0400] "GET / HTTP/1.1" 200 4823 "-" "Mozilla/5.0 (Windows NT 10.0; Win64; x64) AppleWebKit/537.36 (KHTML, like Gecko) Chrome/128.0.0.0 Safari/537.36 Edg/128.0.0.0"
172.68.230.163 - - [12/Sep/2024:18:09:18 -0400] "GET / HTTP/1.1" 200 4823 "-" "Mozilla/5.0 (Windows NT 10.0; Win64; x64) AppleWebKit/537.36 (KHTML, like Gecko) Chrome/128.0.0.0 Safari/537.36 Edg/128.0.0.0"
172.68.230.162 - - [12/Sep/2024:18:20:46 -0400] "GET / HTTP/1.1" 200 4823 "-" "Mozilla/5.0 (Windows NT 10.0; Win64; x64) AppleWebKit/537.36 (KHTML, like Gecko) Chrome/128.0.0.0 Safari/537.36 Edg/128.0.0.0"
172.68.125.140 - - [12/Sep/2024:18:54:07 -0400] "GET / HTTP/1.1" 200 4827 "-" "Mozilla/5.0 (Windows NT 10.0; Win64; x64) AppleWebKit/537.36 (KHTML, like Gecko) Chrome/128.0.0.0 Safari/537.36"
172.68.125.133 - - [12/Sep/2024:18:54:07 -0400] "GET /assets/css/main.css HTTP/1.1" 200 9403 "https://web.diproavilm.com/" "Mozilla/5.0 (Windows NT 10.0; Win64; x64) AppleWebKit/537.36 (KHTML, like Gecko) Chrome/128.0.0.0 Safari/537.36"
172.68.125.130 - - [12/Sep/2024:18:54:07 -0400] "GET /assets/images/icono6UG8Blanco.png HTTP/1.1" 200 9678 "https://web.diproavilm.com/" "Mozilla/5.0 (Windows NT 10.0; Win64; x64) AppleWebKit/537.36 (KHTML, like Gecko) Chrome/128.0.0.0 Safari/537.36"
172.68.125.131 - - [12/Sep/2024:18:54:07 -0400] "GET /assets/js/main.js HTTP/1.1" 200 15335 "https://web.diproavilm.com/" "Mozilla/5.0 (Windows NT 10.0; Win64; x64) AppleWebKit/537.36 (KHTML, like Gecko) Chrome/128.0.0.0 Safari/537.36"
172.68.125.151 - - [12/Sep/2024:18:54:07 -0400] "GET /assets/js/numeroALetras.js HTTP/1.1" 200 6543 "https://web.diproavilm.com/" "Mozilla/5.0 (Windows NT 10.0; Win64; x64) AppleWebKit/537.36 (KHTML, like Gecko) Chrome/128.0.0.0 Safari/537.36"
172.68.125.140 - - [12/Sep/2024:18:54:07 -0400] "GET /config.json HTTP/1.1" 200 211 "https://web.diproavilm.com/" "Mozilla/5.0 (Windows NT 10.0; Win64; x64) AppleWebKit/537.36 (KHTML, like Gecko) Chrome/128.0.0.0 Safari/537.36"
172.68.125.143 - - [12/Sep/2024:18:54:08 -0400] "GET /assets/images/icono.ico HTTP/1.1" 200 4286 "https://web.diproavilm.com/" "Mozilla/5.0 (Windows NT 10.0; Win64; x64) AppleWebKit/537.36 (KHTML, like Gecko) Chrome/128.0.0.0 Safari/537.36"
172.68.125.140 - - [12/Sep/2024:18:54:08 -0400] "GET /src/Views/login/login.php HTTP/1.1" 200 2266 "https://web.diproavilm.com/" "Mozilla/5.0 (Windows NT 10.0; Win64; x64) AppleWebKit/537.36 (KHTML, like Gecko) Chrome/128.0.0.0 Safari/537.36"
172.68.125.138 - - [12/Sep/2024:18:54:08 -0400] "GET /src/Views/login/login.css HTTP/1.1" 200 304 "https://web.diproavilm.com/" "Mozilla/5.0 (Windows NT 10.0; Win64; x64) AppleWebKit/537.36 (KHTML, like Gecko) Chrome/128.0.0.0 Safari/537.36"
172.68.125.146 - - [12/Sep/2024:18:54:08 -0400] "GET /src/Views/login/login.js HTTP/1.1" 200 2259 "https://web.diproavilm.com/" "Mozilla/5.0 (Windows NT 10.0; Win64; x64) AppleWebKit/537.36 (KHTML, like Gecko) Chrome/128.0.0.0 Safari/537.36"
172.68.125.138 - - [12/Sep/2024:18:54:09 -0400] "GET /logo.png HTTP/1.1" 200 8635 "https://web.diproavilm.com/" "Mozilla/5.0 (Windows NT 10.0; Win64; x64) AppleWebKit/537.36 (KHTML, like Gecko) Chrome/128.0.0.0 Safari/537.36"
172.68.125.130 - - [12/Sep/2024:18:54:09 -0400] "GET /assets/images/granja.jpg HTTP/1.1" 200 1154883 "https://web.diproavilm.com/src/Views/login/login.css" "Mozilla/5.0 (Windows NT 10.0; Win64; x64) AppleWebKit/537.36 (KHTML, like Gecko) Chrome/128.0.0.0 Safari/537.36"
172.68.125.136 - - [12/Sep/2024:18:55:08 -0400] "GET / HTTP/1.1" 200 4827 "-" "Mozilla/5.0 (Windows NT 10.0; Win64; x64) AppleWebKit/537.36 (KHTML, like Gecko) Chrome/128.0.0.0 Safari/537.36"
172.68.125.136 - - [12/Sep/2024:18:55:09 -0400] "GET /config.json HTTP/1.1" 304 - "https://web.diproavilm.com/" "Mozilla/5.0 (Windows NT 10.0; Win64; x64) AppleWebKit/537.36 (KHTML, like Gecko) Chrome/128.0.0.0 Safari/537.36"
172.68.125.136 - - [12/Sep/2024:18:55:09 -0400] "GET /src/Views/login/login.php HTTP/1.1" 200 2266 "https://web.diproavilm.com/" "Mozilla/5.0 (Windows NT 10.0; Win64; x64) AppleWebKit/537.36 (KHTML, like Gecko) Chrome/128.0.0.0 Safari/537.36"
172.68.125.139 - - [12/Sep/2024:18:59:16 -0400] "GET / HTTP/1.1" 200 4827 "-" "Mozilla/5.0 (Windows NT 10.0; Win64; x64) AppleWebKit/537.36 (KHTML, like Gecko) Chrome/128.0.0.0 Safari/537.36"
172.68.125.139 - - [12/Sep/2024:18:59:17 -0400] "GET /config.json HTTP/1.1" 304 - "https://web.diproavilm.com/" "Mozilla/5.0 (Windows NT 10.0; Win64; x64) AppleWebKit/537.36 (KHTML, like Gecko) Chrome/128.0.0.0 Safari/537.36"
172.68.125.139 - - [12/Sep/2024:18:59:18 -0400] "GET /src/Views/login/login.php HTTP/1.1" 200 2266 "https://web.diproavilm.com/" "Mozilla/5.0 (Windows NT 10.0; Win64; x64) AppleWebKit/537.36 (KHTML, like Gecko) Chrome/128.0.0.0 Safari/537.36"
172.68.125.138 - - [12/Sep/2024:18:59:32 -0400] "GET /src/Views/change/change.php HTTP/1.1" 200 3349 "https://web.diproavilm.com/" "Mozilla/5.0 (Windows NT 10.0; Win64; x64) AppleWebKit/537.36 (KHTML, like Gecko) Chrome/128.0.0.0 Safari/537.36"
172.68.125.137 - - [12/Sep/2024:18:59:32 -0400] "GET /src/Views/change/change.css HTTP/1.1" 200 731 "https://web.diproavilm.com/" "Mozilla/5.0 (Windows NT 10.0; Win64; x64) AppleWebKit/537.36 (KHTML, like Gecko) Chrome/128.0.0.0 Safari/537.36"
172.68.125.130 - - [12/Sep/2024:18:59:32 -0400] "GET /src/Views/change/change.js HTTP/1.1" 200 5417 "https://web.diproavilm.com/" "Mozilla/5.0 (Windows NT 10.0; Win64; x64) AppleWebKit/537.36 (KHTML, like Gecko) Chrome/128.0.0.0 Safari/537.36"
172.68.125.142 - - [12/Sep/2024:19:01:12 -0400] "GET / HTTP/1.1" 200 4827 "-" "Mozilla/5.0 (Windows NT 10.0; Win64; x64) AppleWebKit/537.36 (KHTML, like Gecko) Chrome/128.0.0.0 Safari/537.36"
172.68.125.142 - - [12/Sep/2024:19:01:12 -0400] "GET /config.json HTTP/1.1" 200 211 "https://web.diproavilm.com/" "Mozilla/5.0 (Windows NT 10.0; Win64; x64) AppleWebKit/537.36 (KHTML, like Gecko) Chrome/128.0.0.0 Safari/537.36"
172.68.125.142 - - [12/Sep/2024:19:01:13 -0400] "GET /src/Views/login/login.php HTTP/1.1" 200 2266 "https://web.diproavilm.com/" "Mozilla/5.0 (Windows NT 10.0; Win64; x64) AppleWebKit/537.36 (KHTML, like Gecko) Chrome/128.0.0.0 Safari/537.36"
172.68.230.163 - - [12/Sep/2024:19:01:37 -0400] "GET / HTTP/1.1" 200 4827 "-" "Mozilla/5.0 (Windows NT 10.0; Win64; x64) AppleWebKit/537.36 (KHTML, like Gecko) Chrome/128.0.0.0 Safari/537.36 Edg/128.0.0.0"
172.68.230.152 - - [12/Sep/2024:19:01:37 -0400] "GET /assets/images/icono6UG8Blanco.png HTTP/1.1" 200 9678 "https://web.diproavilm.com/" "Mozilla/5.0 (Windows NT 10.0; Win64; x64) AppleWebKit/537.36 (KHTML, like Gecko) Chrome/128.0.0.0 Safari/537.36 Edg/128.0.0.0"
172.68.230.164 - - [12/Sep/2024:19:01:37 -0400] "GET /assets/css/main.css HTTP/1.1" 200 9403 "https://web.diproavilm.com/" "Mozilla/5.0 (Windows NT 10.0; Win64; x64) AppleWebKit/537.36 (KHTML, like Gecko) Chrome/128.0.0.0 Safari/537.36 Edg/128.0.0.0"
172.68.230.170 - - [12/Sep/2024:19:01:37 -0400] "GET /assets/js/main.js HTTP/1.1" 200 15335 "https://web.diproavilm.com/" "Mozilla/5.0 (Windows NT 10.0; Win64; x64) AppleWebKit/537.36 (KHTML, like Gecko) Chrome/128.0.0.0 Safari/537.36 Edg/128.0.0.0"
172.68.230.154 - - [12/Sep/2024:19:01:37 -0400] "GET /assets/js/numeroALetras.js HTTP/1.1" 200 6543 "https://web.diproavilm.com/" "Mozilla/5.0 (Windows NT 10.0; Win64; x64) AppleWebKit/537.36 (KHTML, like Gecko) Chrome/128.0.0.0 Safari/537.36 Edg/128.0.0.0"
172.68.230.163 - - [12/Sep/2024:19:01:38 -0400] "GET /config.json HTTP/1.1" 200 211 "https://web.diproavilm.com/" "Mozilla/5.0 (Windows NT 10.0; Win64; x64) AppleWebKit/537.36 (KHTML, like Gecko) Chrome/128.0.0.0 Safari/537.36 Edg/128.0.0.0"
172.68.230.134 - - [12/Sep/2024:19:01:38 -0400] "GET /assets/images/icono.ico HTTP/1.1" 200 4286 "https://web.diproavilm.com/" "Mozilla/5.0 (Windows NT 10.0; Win64; x64) AppleWebKit/537.36 (KHTML, like Gecko) Chrome/128.0.0.0 Safari/537.36 Edg/128.0.0.0"
172.68.230.163 - - [12/Sep/2024:19:01:39 -0400] "GET /src/Views/login/login.php HTTP/1.1" 200 2266 "https://web.diproavilm.com/" "Mozilla/5.0 (Windows NT 10.0; Win64; x64) AppleWebKit/537.36 (KHTML, like Gecko) Chrome/128.0.0.0 Safari/537.36 Edg/128.0.0.0"
172.68.230.163 - - [12/Sep/2024:19:01:39 -0400] "GET /src/Views/login/login.js HTTP/1.1" 200 2259 "https://web.diproavilm.com/" "Mozilla/5.0 (Windows NT 10.0; Win64; x64) AppleWebKit/537.36 (KHTML, like Gecko) Chrome/128.0.0.0 Safari/537.36 Edg/128.0.0.0"
172.68.230.154 - - [12/Sep/2024:19:01:39 -0400] "GET /src/Views/login/login.css HTTP/1.1" 200 304 "https://web.diproavilm.com/" "Mozilla/5.0 (Windows NT 10.0; Win64; x64) AppleWebKit/537.36 (KHTML, like Gecko) Chrome/128.0.0.0 Safari/537.36 Edg/128.0.0.0"
172.68.230.154 - - [12/Sep/2024:19:01:39 -0400] "GET /logo.png HTTP/1.1" 200 8635 "https://web.diproavilm.com/" "Mozilla/5.0 (Windows NT 10.0; Win64; x64) AppleWebKit/537.36 (KHTML, like Gecko) Chrome/128.0.0.0 Safari/537.36 Edg/128.0.0.0"
162.158.255.139 - - [12/Sep/2024:19:01:39 -0400] "GET / HTTP/1.1" 200 4827 "-" "Mozilla/5.0 (Windows NT 10.0; Win64; x64; rv:127.0) Gecko/20100101 Firefox/127.0"
172.68.230.139 - - [12/Sep/2024:19:01:39 -0400] "GET /assets/images/granja.jpg HTTP/1.1" 200 1154883 "https://web.diproavilm.com/src/Views/login/login.css" "Mozilla/5.0 (Windows NT 10.0; Win64; x64) AppleWebKit/537.36 (KHTML, like Gecko) Chrome/128.0.0.0 Safari/537.36 Edg/128.0.0.0"
162.158.255.131 - - [12/Sep/2024:19:01:40 -0400] "GET /assets/css/main.css HTTP/1.1" 200 9403 "https://web.diproavilm.com/" "Mozilla/5.0 (Windows NT 10.0; Win64; x64; rv:127.0) Gecko/20100101 Firefox/127.0"
162.158.255.137 - - [12/Sep/2024:19:01:40 -0400] "GET /assets/images/icono6UG8Blanco.png HTTP/1.1" 200 9678 "https://web.diproavilm.com/" "Mozilla/5.0 (Windows NT 10.0; Win64; x64; rv:127.0) Gecko/20100101 Firefox/127.0"
162.158.255.134 - - [12/Sep/2024:19:01:40 -0400] "GET /assets/js/numeroALetras.js HTTP/1.1" 200 6543 "https://web.diproavilm.com/" "Mozilla/5.0 (Windows NT 10.0; Win64; x64; rv:127.0) Gecko/20100101 Firefox/127.0"
162.158.255.137 - - [12/Sep/2024:19:01:41 -0400] "GET /assets/js/main.js HTTP/1.1" 200 15335 "https://web.diproavilm.com/" "Mozilla/5.0 (Windows NT 10.0; Win64; x64; rv:127.0) Gecko/20100101 Firefox/127.0"
162.158.255.139 - - [12/Sep/2024:19:01:41 -0400] "GET /config.json HTTP/1.1" 200 211 "https://web.diproavilm.com/" "Mozilla/5.0 (Windows NT 10.0; Win64; x64; rv:127.0) Gecko/20100101 Firefox/127.0"
162.158.255.137 - - [12/Sep/2024:19:01:41 -0400] "GET /assets/images/icono.ico HTTP/1.1" 200 4286 "https://web.diproavilm.com/" "Mozilla/5.0 (Windows NT 10.0; Win64; x64; rv:127.0) Gecko/20100101 Firefox/127.0"
162.158.255.139 - - [12/Sep/2024:19:01:42 -0400] "GET /src/Views/login/login.php HTTP/1.1" 200 2266 "https://web.diproavilm.com/" "Mozilla/5.0 (Windows NT 10.0; Win64; x64; rv:127.0) Gecko/20100101 Firefox/127.0"
162.158.255.131 - - [12/Sep/2024:19:01:42 -0400] "GET /logo.png HTTP/1.1" 200 8635 "https://web.diproavilm.com/" "Mozilla/5.0 (Windows NT 10.0; Win64; x64; rv:127.0) Gecko/20100101 Firefox/127.0"
162.158.255.139 - - [12/Sep/2024:19:01:42 -0400] "GET /src/Views/login/login.css HTTP/1.1" 200 304 "https://web.diproavilm.com/" "Mozilla/5.0 (Windows NT 10.0; Win64; x64; rv:127.0) Gecko/20100101 Firefox/127.0"
162.158.255.134 - - [12/Sep/2024:19:01:42 -0400] "GET /src/Views/login/login.js HTTP/1.1" 200 2259 "https://web.diproavilm.com/" "Mozilla/5.0 (Windows NT 10.0; Win64; x64; rv:127.0) Gecko/20100101 Firefox/127.0"
162.158.255.139 - - [12/Sep/2024:19:01:42 -0400] "GET /assets/images/granja.jpg HTTP/1.1" 200 1154883 "https://web.diproavilm.com/src/Views/login/login.css" "Mozilla/5.0 (Windows NT 10.0; Win64; x64; rv:127.0) Gecko/20100101 Firefox/127.0"
172.68.125.136 - - [12/Sep/2024:19:03:13 -0400] "GET / HTTP/1.1" 200 4827 "-" "Mozilla/5.0 (Windows NT 10.0; Win64; x64) AppleWebKit/537.36 (KHTML, like Gecko) Chrome/128.0.0.0 Safari/537.36"
172.68.125.136 - - [12/Sep/2024:19:03:13 -0400] "GET /config.json HTTP/1.1" 304 - "https://web.diproavilm.com/" "Mozilla/5.0 (Windows NT 10.0; Win64; x64) AppleWebKit/537.36 (KHTML, like Gecko) Chrome/128.0.0.0 Safari/537.36"
172.68.125.136 - - [12/Sep/2024:19:03:14 -0400] "GET /src/Views/login/login.php HTTP/1.1" 200 2266 "https://web.diproavilm.com/" "Mozilla/5.0 (Windows NT 10.0; Win64; x64) AppleWebKit/537.36 (KHTML, like Gecko) Chrome/128.0.0.0 Safari/537.36"
172.68.230.162 - - [12/Sep/2024:19:04:00 -0400] "GET / HTTP/1.1" 200 4827 "-" "Mozilla/5.0 (Windows NT 10.0; Win64; x64) AppleWebKit/537.36 (KHTML, like Gecko) Chrome/128.0.0.0 Safari/537.36 Edg/128.0.0.0"
172.68.230.162 - - [12/Sep/2024:19:04:00 -0400] "GET /config.json HTTP/1.1" 304 - "https://web.diproavilm.com/" "Mozilla/5.0 (Windows NT 10.0; Win64; x64) AppleWebKit/537.36 (KHTML, like Gecko) Chrome/128.0.0.0 Safari/537.36 Edg/128.0.0.0"
172.68.230.162 - - [12/Sep/2024:19:04:01 -0400] "GET /src/Views/login/login.php HTTP/1.1" 200 2266 "https://web.diproavilm.com/" "Mozilla/5.0 (Windows NT 10.0; Win64; x64) AppleWebKit/537.36 (KHTML, like Gecko) Chrome/128.0.0.0 Safari/537.36 Edg/128.0.0.0"
162.158.255.134 - - [12/Sep/2024:19:06:40 -0400] "GET / HTTP/1.1" 200 4827 "-" "Mozilla/5.0 (Windows NT 10.0; Win64; x64; rv:127.0) Gecko/20100101 Firefox/127.0"
162.158.255.134 - - [12/Sep/2024:19:06:40 -0400] "GET /config.json HTTP/1.1" 200 211 "https://web.diproavilm.com/" "Mozilla/5.0 (Windows NT 10.0; Win64; x64; rv:127.0) Gecko/20100101 Firefox/127.0"
162.158.255.134 - - [12/Sep/2024:19:06:41 -0400] "GET /src/Views/login/login.php HTTP/1.1" 200 2266 "https://web.diproavilm.com/" "Mozilla/5.0 (Windows NT 10.0; Win64; x64; rv:127.0) Gecko/20100101 Firefox/127.0"
172.68.125.142 - - [12/Sep/2024:19:06:53 -0400] "GET / HTTP/1.1" 200 4827 "-" "Mozilla/5.0 (Windows NT 10.0; Win64; x64) AppleWebKit/537.36 (KHTML, like Gecko) Chrome/128.0.0.0 Safari/537.36"
172.68.125.142 - - [12/Sep/2024:19:06:54 -0400] "GET /config.json HTTP/1.1" 304 - "https://web.diproavilm.com/" "Mozilla/5.0 (Windows NT 10.0; Win64; x64) AppleWebKit/537.36 (KHTML, like Gecko) Chrome/128.0.0.0 Safari/537.36"
172.68.125.142 - - [12/Sep/2024:19:06:55 -0400] "GET /src/Views/login/login.php HTTP/1.1" 200 2266 "https://web.diproavilm.com/" "Mozilla/5.0 (Windows NT 10.0; Win64; x64) AppleWebKit/537.36 (KHTML, like Gecko) Chrome/128.0.0.0 Safari/537.36"
172.68.125.143 - - [12/Sep/2024:19:07:13 -0400] "GET / HTTP/1.1" 200 4827 "-" "Mozilla/5.0 (Windows NT 10.0; Win64; x64) AppleWebKit/537.36 (KHTML, like Gecko) Chrome/128.0.0.0 Safari/537.36"
172.68.125.143 - - [12/Sep/2024:19:07:14 -0400] "GET /src/Views/login/login.php HTTP/1.1" 200 2266 "https://web.diproavilm.com/" "Mozilla/5.0 (Windows NT 10.0; Win64; x64) AppleWebKit/537.36 (KHTML, like Gecko) Chrome/128.0.0.0 Safari/537.36"
172.68.230.163 - - [12/Sep/2024:19:08:55 -0400] "GET / HTTP/1.1" 200 4827 "-" "Mozilla/5.0 (Windows NT 10.0; Win64; x64) AppleWebKit/537.36 (KHTML, like Gecko) Chrome/128.0.0.0 Safari/537.36 Edg/128.0.0.0"
172.68.230.163 - - [12/Sep/2024:19:08:56 -0400] "GET /config.json HTTP/1.1" 304 - "https://web.diproavilm.com/" "Mozilla/5.0 (Windows NT 10.0; Win64; x64) AppleWebKit/537.36 (KHTML, like Gecko) Chrome/128.0.0.0 Safari/537.36 Edg/128.0.0.0"
172.68.230.163 - - [12/Sep/2024:19:08:56 -0400] "GET /src/Views/login/login.php HTTP/1.1" 200 2266 "https://web.diproavilm.com/" "Mozilla/5.0 (Windows NT 10.0; Win64; x64) AppleWebKit/537.36 (KHTML, like Gecko) Chrome/128.0.0.0 Safari/537.36 Edg/128.0.0.0"
172.68.230.162 - - [12/Sep/2024:19:09:14 -0400] "GET / HTTP/1.1" 200 4827 "-" "Mozilla/5.0 (Linux; Android 6.0; Nexus 5 Build/MRA58N) AppleWebKit/537.36 (KHTML, like Gecko) Chrome/128.0.0.0 Mobile Safari/537.36 Edg/128.0.0.0"
172.68.230.162 - - [12/Sep/2024:19:09:15 -0400] "GET /src/Views/login/login.php HTTP/1.1" 200 2266 "https://web.diproavilm.com/" "Mozilla/5.0 (Linux; Android 6.0; Nexus 5 Build/MRA58N) AppleWebKit/537.36 (KHTML, like Gecko) Chrome/128.0.0.0 Mobile Safari/537.36 Edg/128.0.0.0"
172.68.125.141 - - [12/Sep/2024:19:14:14 -0400] "GET / HTTP/1.1" 200 4827 "-" "Mozilla/5.0 (Windows NT 10.0; Win64; x64) AppleWebKit/537.36 (KHTML, like Gecko) Chrome/128.0.0.0 Safari/537.36"
172.68.125.141 - - [12/Sep/2024:19:14:14 -0400] "GET /config.json HTTP/1.1" 304 - "https://web.diproavilm.com/" "Mozilla/5.0 (Windows NT 10.0; Win64; x64) AppleWebKit/537.36 (KHTML, like Gecko) Chrome/128.0.0.0 Safari/537.36"
172.68.125.141 - - [12/Sep/2024:19:14:15 -0400] "GET /src/Views/login/login.php HTTP/1.1" 200 2266 "https://web.diproavilm.com/" "Mozilla/5.0 (Windows NT 10.0; Win64; x64) AppleWebKit/537.36 (KHTML, like Gecko) Chrome/128.0.0.0 Safari/537.36"
172.68.230.162 - - [12/Sep/2024:19:14:22 -0400] "GET / HTTP/1.1" 200 4827 "-" "Mozilla/5.0 (Windows NT 10.0; Win64; x64) AppleWebKit/537.36 (KHTML, like Gecko) Chrome/128.0.0.0 Safari/537.36 Edg/128.0.0.0"
172.68.230.162 - - [12/Sep/2024:19:14:23 -0400] "GET /config.json HTTP/1.1" 304 - "https://web.diproavilm.com/" "Mozilla/5.0 (Windows NT 10.0; Win64; x64) AppleWebKit/537.36 (KHTML, like Gecko) Chrome/128.0.0.0 Safari/537.36 Edg/128.0.0.0"
172.68.230.162 - - [12/Sep/2024:19:14:24 -0400] "GET /src/Views/login/login.php HTTP/1.1" 200 2266 "https://web.diproavilm.com/" "Mozilla/5.0 (Windows NT 10.0; Win64; x64) AppleWebKit/537.36 (KHTML, like Gecko) Chrome/128.0.0.0 Safari/537.36 Edg/128.0.0.0"
172.68.125.140 - - [12/Sep/2024:19:17:27 -0400] "GET / HTTP/1.1" 200 4827 "-" "Mozilla/5.0 (Windows NT 10.0; Win64; x64) AppleWebKit/537.36 (KHTML, like Gecko) Chrome/128.0.0.0 Safari/537.36"
172.68.125.140 - - [12/Sep/2024:19:17:27 -0400] "GET /config.json HTTP/1.1" 304 - "https://web.diproavilm.com/" "Mozilla/5.0 (Windows NT 10.0; Win64; x64) AppleWebKit/537.36 (KHTML, like Gecko) Chrome/128.0.0.0 Safari/537.36"
172.68.125.140 - - [12/Sep/2024:19:17:28 -0400] "GET /src/Views/login/login.php HTTP/1.1" 200 2266 "https://web.diproavilm.com/" "Mozilla/5.0 (Windows NT 10.0; Win64; x64) AppleWebKit/537.36 (KHTML, like Gecko) Chrome/128.0.0.0 Safari/537.36"
172.68.230.169 - - [12/Sep/2024:19:22:29 -0400] "GET / HTTP/1.1" 200 4827 "-" "Mozilla/5.0 (Windows NT 10.0; Win64; x64) AppleWebKit/537.36 (KHTML, like Gecko) Chrome/128.0.0.0 Safari/537.36 Edg/128.0.0.0"
172.68.230.169 - - [12/Sep/2024:19:22:30 -0400] "GET /config.json HTTP/1.1" 304 - "https://web.diproavilm.com/" "Mozilla/5.0 (Windows NT 10.0; Win64; x64) AppleWebKit/537.36 (KHTML, like Gecko) Chrome/128.0.0.0 Safari/537.36 Edg/128.0.0.0"
172.68.230.169 - - [12/Sep/2024:19:22:31 -0400] "GET /src/Views/login/login.php HTTP/1.1" 200 2266 "https://web.diproavilm.com/" "Mozilla/5.0 (Windows NT 10.0; Win64; x64) AppleWebKit/537.36 (KHTML, like Gecko) Chrome/128.0.0.0 Safari/537.36 Edg/128.0.0.0"
172.68.125.142 - - [12/Sep/2024:19:24:09 -0400] "GET / HTTP/1.1" 200 4827 "-" "Mozilla/5.0 (Windows NT 10.0; Win64; x64) AppleWebKit/537.36 (KHTML, like Gecko) Chrome/128.0.0.0 Safari/537.36"
172.68.125.142 - - [12/Sep/2024:19:24:09 -0400] "GET /config.json HTTP/1.1" 304 - "https://web.diproavilm.com/" "Mozilla/5.0 (Windows NT 10.0; Win64; x64) AppleWebKit/537.36 (KHTML, like Gecko) Chrome/128.0.0.0 Safari/537.36"
172.68.125.142 - - [12/Sep/2024:19:24:10 -0400] "GET /src/Views/login/login.php HTTP/1.1" 200 2266 "https://web.diproavilm.com/" "Mozilla/5.0 (Windows NT 10.0; Win64; x64) AppleWebKit/537.36 (KHTML, like Gecko) Chrome/128.0.0.0 Safari/537.36"
172.68.125.137 - - [12/Sep/2024:19:25:57 -0400] "GET /src/Views/change/change.php HTTP/1.1" 200 3349 "https://web.diproavilm.com/" "Mozilla/5.0 (Windows NT 10.0; Win64; x64) AppleWebKit/537.36 (KHTML, like Gecko) Chrome/128.0.0.0 Safari/537.36"
172.68.230.168 - - [12/Sep/2024:19:27:20 -0400] "GET / HTTP/1.1" 200 4827 "-" "Mozilla/5.0 (Windows NT 10.0; Win64; x64) AppleWebKit/537.36 (KHTML, like Gecko) Chrome/128.0.0.0 Safari/537.36 Edg/128.0.0.0"
172.68.230.168 - - [12/Sep/2024:19:27:21 -0400] "GET /config.json HTTP/1.1" 200 211 "https://web.diproavilm.com/" "Mozilla/5.0 (Windows NT 10.0; Win64; x64) AppleWebKit/537.36 (KHTML, like Gecko) Chrome/128.0.0.0 Safari/537.36 Edg/128.0.0.0"
172.68.230.168 - - [12/Sep/2024:19:27:22 -0400] "GET /src/Views/login/login.php HTTP/1.1" 200 2266 "https://web.diproavilm.com/" "Mozilla/5.0 (Windows NT 10.0; Win64; x64) AppleWebKit/537.36 (KHTML, like Gecko) Chrome/128.0.0.0 Safari/537.36 Edg/128.0.0.0"
172.68.230.169 - - [12/Sep/2024:19:27:34 -0400] "GET / HTTP/1.1" 200 4827 "https://web.diproavilm.com/" "Mozilla/5.0 (Windows NT 10.0; Win64; x64) AppleWebKit/537.36 (KHTML, like Gecko) Chrome/128.0.0.0 Safari/537.36 Edg/128.0.0.0"
172.68.230.169 - - [12/Sep/2024:19:27:35 -0400] "GET /src/Views/skeleton/skeleton.php HTTP/1.1" 200 1973 "https://web.diproavilm.com/" "Mozilla/5.0 (Windows NT 10.0; Win64; x64) AppleWebKit/537.36 (KHTML, like Gecko) Chrome/128.0.0.0 Safari/537.36 Edg/128.0.0.0"
172.68.230.155 - - [12/Sep/2024:19:27:35 -0400] "GET /src/Views/skeleton/skeleton.js HTTP/1.1" 200 2991 "https://web.diproavilm.com/" "Mozilla/5.0 (Windows NT 10.0; Win64; x64) AppleWebKit/537.36 (KHTML, like Gecko) Chrome/128.0.0.0 Safari/537.36 Edg/128.0.0.0"
172.68.230.154 - - [12/Sep/2024:19:27:35 -0400] "GET /src/Views/skeleton/skeleton.css HTTP/1.1" 200 4652 "https://web.diproavilm.com/" "Mozilla/5.0 (Windows NT 10.0; Win64; x64) AppleWebKit/537.36 (KHTML, like Gecko) Chrome/128.0.0.0 Safari/537.36 Edg/128.0.0.0"
172.68.230.169 - - [12/Sep/2024:19:27:36 -0400] "GET /src/Controllers/BaseController.php?cont=dashventas&args= HTTP/1.1" 200 4703 "https://web.diproavilm.com/" "Mozilla/5.0 (Windows NT 10.0; Win64; x64) AppleWebKit/537.36 (KHTML, like Gecko) Chrome/128.0.0.0 Safari/537.36 Edg/128.0.0.0"
172.68.230.163 - - [12/Sep/2024:19:27:36 -0400] "GET /src/Views/dashventas/dashventas.css HTTP/1.1" 200 352 "https://web.diproavilm.com/" "Mozilla/5.0 (Windows NT 10.0; Win64; x64) AppleWebKit/537.36 (KHTML, like Gecko) Chrome/128.0.0.0 Safari/537.36 Edg/128.0.0.0"
172.68.230.157 - - [12/Sep/2024:19:27:36 -0400] "GET /src/Views/dashventas/dashventas.js HTTP/1.1" 200 128 "https://web.diproavilm.com/" "Mozilla/5.0 (Windows NT 10.0; Win64; x64) AppleWebKit/537.36 (KHTML, like Gecko) Chrome/128.0.0.0 Safari/537.36 Edg/128.0.0.0"
172.68.230.169 - - [12/Sep/2024:19:27:51 -0400] "GET /src/Controllers/BaseController.php?cont=users&args= HTTP/1.1" 200 5588 "https://web.diproavilm.com/" "Mozilla/5.0 (Windows NT 10.0; Win64; x64) AppleWebKit/537.36 (KHTML, like Gecko) Chrome/128.0.0.0 Safari/537.36 Edg/128.0.0.0"
172.68.230.155 - - [12/Sep/2024:19:27:51 -0400] "GET /src/Views/users/users.css HTTP/1.1" 200 - "https://web.diproavilm.com/" "Mozilla/5.0 (Windows NT 10.0; Win64; x64) AppleWebKit/537.36 (KHTML, like Gecko) Chrome/128.0.0.0 Safari/537.36 Edg/128.0.0.0"
172.68.230.133 - - [12/Sep/2024:19:27:51 -0400] "GET /src/Views/users/users.js HTTP/1.1" 200 19026 "https://web.diproavilm.com/" "Mozilla/5.0 (Windows NT 10.0; Win64; x64) AppleWebKit/537.36 (KHTML, like Gecko) Chrome/128.0.0.0 Safari/537.36 Edg/128.0.0.0"
172.68.125.138 - - [12/Sep/2024:19:28:49 -0400] "GET /src/Views/login/login.php HTTP/1.1" 200 2266 "https://web.diproavilm.com/" "Mozilla/5.0 (Windows NT 10.0; Win64; x64) AppleWebKit/537.36 (KHTML, like Gecko) Chrome/128.0.0.0 Safari/537.36"
172.68.230.169 - - [12/Sep/2024:19:29:17 -0400] "GET / HTTP/1.1" 200 4827 "https://web.diproavilm.com/" "Mozilla/5.0 (Windows NT 10.0; Win64; x64) AppleWebKit/537.36 (KHTML, like Gecko) Chrome/128.0.0.0 Safari/537.36 Edg/128.0.0.0"
172.68.230.169 - - [12/Sep/2024:19:29:19 -0400] "GET /src/Views/login/login.php HTTP/1.1" 200 2266 "https://web.diproavilm.com/" "Mozilla/5.0 (Windows NT 10.0; Win64; x64) AppleWebKit/537.36 (KHTML, like Gecko) Chrome/128.0.0.0 Safari/537.36 Edg/128.0.0.0"
172.68.230.168 - - [12/Sep/2024:19:29:28 -0400] "GET /src/Views/establecerclave/establecerclave.php HTTP/1.1" 200 2925 "https://web.diproavilm.com/" "Mozilla/5.0 (Windows NT 10.0; Win64; x64) AppleWebKit/537.36 (KHTML, like Gecko) Chrome/128.0.0.0 Safari/537.36 Edg/128.0.0.0"
172.68.230.163 - - [12/Sep/2024:19:29:29 -0400] "GET /src/Views/establecerclave/establecerclave.css HTTP/1.1" 200 731 "https://web.diproavilm.com/" "Mozilla/5.0 (Windows NT 10.0; Win64; x64) AppleWebKit/537.36 (KHTML, like Gecko) Chrome/128.0.0.0 Safari/537.36 Edg/128.0.0.0"
172.68.230.142 - - [12/Sep/2024:19:29:29 -0400] "GET /src/Views/establecerclave/establecerclave.js HTTP/1.1" 200 5081 "https://web.diproavilm.com/" "Mozilla/5.0 (Windows NT 10.0; Win64; x64) AppleWebKit/537.36 (KHTML, like Gecko) Chrome/128.0.0.0 Safari/537.36 Edg/128.0.0.0"
172.68.125.143 - - [12/Sep/2024:19:29:40 -0400] "GET /src/Views/change/change.php HTTP/1.1" 200 3349 "https://web.diproavilm.com/" "Mozilla/5.0 (Windows NT 10.0; Win64; x64) AppleWebKit/537.36 (KHTML, like Gecko) Chrome/128.0.0.0 Safari/537.36"
172.68.125.143 - - [12/Sep/2024:19:29:59 -0400] "GET /src/Views/login/login.php HTTP/1.1" 200 2266 "https://web.diproavilm.com/" "Mozilla/5.0 (Windows NT 10.0; Win64; x64) AppleWebKit/537.36 (KHTML, like Gecko) Chrome/128.0.0.0 Safari/537.36"
172.68.125.142 - - [12/Sep/2024:19:30:23 -0400] "GET / HTTP/1.1" 200 4827 "-" "Mozilla/5.0 (Windows NT 10.0; Win64; x64) AppleWebKit/537.36 (KHTML, like Gecko) Chrome/128.0.0.0 Safari/537.36"
172.68.125.142 - - [12/Sep/2024:19:30:24 -0400] "GET /config.json HTTP/1.1" 200 211 "https://web.diproavilm.com/" "Mozilla/5.0 (Windows NT 10.0; Win64; x64) AppleWebKit/537.36 (KHTML, like Gecko) Chrome/128.0.0.0 Safari/537.36"
172.68.125.142 - - [12/Sep/2024:19:30:25 -0400] "GET /src/Views/login/login.php HTTP/1.1" 200 2266 "https://web.diproavilm.com/" "Mozilla/5.0 (Windows NT 10.0; Win64; x64) AppleWebKit/537.36 (KHTML, like Gecko) Chrome/128.0.0.0 Safari/537.36"
172.68.230.168 - - [12/Sep/2024:19:31:53 -0400] "GET /src/Views/login/login.php HTTP/1.1" 200 2266 "https://web.diproavilm.com/" "Mozilla/5.0 (Windows NT 10.0; Win64; x64) AppleWebKit/537.36 (KHTML, like Gecko) Chrome/128.0.0.0 Safari/537.36 Edg/128.0.0.0"
172.68.125.142 - - [12/Sep/2024:19:32:15 -0400] "GET /src/Views/establecerclave/establecerclave.php HTTP/1.1" 200 2925 "https://web.diproavilm.com/" "Mozilla/5.0 (Windows NT 10.0; Win64; x64) AppleWebKit/537.36 (KHTML, like Gecko) Chrome/128.0.0.0 Safari/537.36"
172.68.125.131 - - [12/Sep/2024:19:32:16 -0400] "GET /src/Views/establecerclave/establecerclave.css HTTP/1.1" 200 731 "https://web.diproavilm.com/" "Mozilla/5.0 (Windows NT 10.0; Win64; x64) AppleWebKit/537.36 (KHTML, like Gecko) Chrome/128.0.0.0 Safari/537.36"
172.68.125.145 - - [12/Sep/2024:19:32:16 -0400] "GET /src/Views/establecerclave/establecerclave.js HTTP/1.1" 200 5081 "https://web.diproavilm.com/" "Mozilla/5.0 (Windows NT 10.0; Win64; x64) AppleWebKit/537.36 (KHTML, like Gecko) Chrome/128.0.0.0 Safari/537.36"
172.68.125.143 - - [12/Sep/2024:19:32:32 -0400] "GET / HTTP/1.1" 200 4827 "https://web.diproavilm.com/" "Mozilla/5.0 (Windows NT 10.0; Win64; x64) AppleWebKit/537.36 (KHTML, like Gecko) Chrome/128.0.0.0 Safari/537.36"
172.68.125.143 - - [12/Sep/2024:19:32:33 -0400] "GET /src/Views/login/login.php HTTP/1.1" 200 2266 "https://web.diproavilm.com/" "Mozilla/5.0 (Windows NT 10.0; Win64; x64) AppleWebKit/537.36 (KHTML, like Gecko) Chrome/128.0.0.0 Safari/537.36"
172.68.125.142 - - [12/Sep/2024:19:32:54 -0400] "GET / HTTP/1.1" 200 4827 "https://web.diproavilm.com/" "Mozilla/5.0 (Windows NT 10.0; Win64; x64) AppleWebKit/537.36 (KHTML, like Gecko) Chrome/128.0.0.0 Safari/537.36"
172.68.125.142 - - [12/Sep/2024:19:32:55 -0400] "GET /src/Views/skeleton/skeleton.php HTTP/1.1" 200 1973 "https://web.diproavilm.com/" "Mozilla/5.0 (Windows NT 10.0; Win64; x64) AppleWebKit/537.36 (KHTML, like Gecko) Chrome/128.0.0.0 Safari/537.36"
172.68.125.130 - - [12/Sep/2024:19:32:55 -0400] "GET /src/Views/skeleton/skeleton.js HTTP/1.1" 200 2991 "https://web.diproavilm.com/" "Mozilla/5.0 (Windows NT 10.0; Win64; x64) AppleWebKit/537.36 (KHTML, like Gecko) Chrome/128.0.0.0 Safari/537.36"
172.68.125.134 - - [12/Sep/2024:19:32:55 -0400] "GET /src/Views/skeleton/skeleton.css HTTP/1.1" 200 4652 "https://web.diproavilm.com/" "Mozilla/5.0 (Windows NT 10.0; Win64; x64) AppleWebKit/537.36 (KHTML, like Gecko) Chrome/128.0.0.0 Safari/537.36"
172.68.125.142 - - [12/Sep/2024:19:32:56 -0400] "GET /src/Controllers/BaseController.php?cont=dashventas&args= HTTP/1.1" 200 4703 "https://web.diproavilm.com/" "Mozilla/5.0 (Windows NT 10.0; Win64; x64) AppleWebKit/537.36 (KHTML, like Gecko) Chrome/128.0.0.0 Safari/537.36"
172.68.125.130 - - [12/Sep/2024:19:32:56 -0400] "GET /src/Views/dashventas/dashventas.css HTTP/1.1" 200 352 "https://web.diproavilm.com/" "Mozilla/5.0 (Windows NT 10.0; Win64; x64) AppleWebKit/537.36 (KHTML, like Gecko) Chrome/128.0.0.0 Safari/537.36"
172.68.125.146 - - [12/Sep/2024:19:32:56 -0400] "GET /src/Views/dashventas/dashventas.js HTTP/1.1" 200 128 "https://web.diproavilm.com/" "Mozilla/5.0 (Windows NT 10.0; Win64; x64) AppleWebKit/537.36 (KHTML, like Gecko) Chrome/128.0.0.0 Safari/537.36"
172.68.125.143 - - [12/Sep/2024:19:33:37 -0400] "GET /src/Controllers/BaseController.php?cont=noti&args= HTTP/1.1" 200 1750 "https://web.diproavilm.com/" "Mozilla/5.0 (Windows NT 10.0; Win64; x64) AppleWebKit/537.36 (KHTML, like Gecko) Chrome/128.0.0.0 Safari/537.36"
172.68.125.152 - - [12/Sep/2024:19:33:37 -0400] "GET /src/Views/noti/noti.js HTTP/1.1" 200 28080 "https://web.diproavilm.com/" "Mozilla/5.0 (Windows NT 10.0; Win64; x64) AppleWebKit/537.36 (KHTML, like Gecko) Chrome/128.0.0.0 Safari/537.36"
172.68.125.142 - - [12/Sep/2024:19:33:48 -0400] "GET /src/Controllers/BaseController.php?cont=bot_capas&args= HTTP/1.1" 200 6906 "https://web.diproavilm.com/" "Mozilla/5.0 (Windows NT 10.0; Win64; x64) AppleWebKit/537.36 (KHTML, like Gecko) Chrome/128.0.0.0 Safari/537.36"
172.68.125.133 - - [12/Sep/2024:19:33:48 -0400] "GET /src/Views/bot_capas/bot_capas.css HTTP/1.1" 200 45 "https://web.diproavilm.com/" "Mozilla/5.0 (Windows NT 10.0; Win64; x64) AppleWebKit/537.36 (KHTML, like Gecko) Chrome/128.0.0.0 Safari/537.36"
172.68.125.132 - - [12/Sep/2024:19:33:48 -0400] "GET /src/Views/bot_capas/bot_capas.js HTTP/1.1" 200 13436 "https://web.diproavilm.com/" "Mozilla/5.0 (Windows NT 10.0; Win64; x64) AppleWebKit/537.36 (KHTML, like Gecko) Chrome/128.0.0.0 Safari/537.36"
172.68.125.142 - - [12/Sep/2024:19:33:58 -0400] "GET /src/Controllers/BaseController.php?cont=lst_usuarios&args= HTTP/1.1" 200 4082 "https://web.diproavilm.com/" "Mozilla/5.0 (Windows NT 10.0; Win64; x64) AppleWebKit/537.36 (KHTML, like Gecko) Chrome/128.0.0.0 Safari/537.36"
172.68.125.146 - - [12/Sep/2024:19:33:59 -0400] "GET /src/Views/lst_usuarios/lst_usuarios.css HTTP/1.1" 200 - "https://web.diproavilm.com/" "Mozilla/5.0 (Windows NT 10.0; Win64; x64) AppleWebKit/537.36 (KHTML, like Gecko) Chrome/128.0.0.0 Safari/537.36"
172.68.125.146 - - [12/Sep/2024:19:33:59 -0400] "GET /src/Views/lst_usuarios/lst_usuarios.js HTTP/1.1" 200 12801 "https://web.diproavilm.com/" "Mozilla/5.0 (Windows NT 10.0; Win64; x64) AppleWebKit/537.36 (KHTML, like Gecko) Chrome/128.0.0.0 Safari/537.36"
172.68.125.142 - - [12/Sep/2024:19:34:08 -0400] "GET /src/Controllers/BaseController.php?cont=users&args= HTTP/1.1" 200 5588 "https://web.diproavilm.com/" "Mozilla/5.0 (Windows NT 10.0; Win64; x64) AppleWebKit/537.36 (KHTML, like Gecko) Chrome/128.0.0.0 Safari/537.36"
172.68.125.141 - - [12/Sep/2024:19:34:09 -0400] "GET /src/Views/users/users.css HTTP/1.1" 200 - "https://web.diproavilm.com/" "Mozilla/5.0 (Windows NT 10.0; Win64; x64) AppleWebKit/537.36 (KHTML, like Gecko) Chrome/128.0.0.0 Safari/537.36"
172.68.125.140 - - [12/Sep/2024:19:34:09 -0400] "GET /src/Views/users/users.js HTTP/1.1" 200 19026 "https://web.diproavilm.com/" "Mozilla/5.0 (Windows NT 10.0; Win64; x64) AppleWebKit/537.36 (KHTML, like Gecko) Chrome/128.0.0.0 Safari/537.36"
172.68.125.138 - - [12/Sep/2024:19:36:29 -0400] "GET /src/Controllers/BaseController.php?cont=roles&args= HTTP/1.1" 200 5752 "https://web.diproavilm.com/" "Mozilla/5.0 (Windows NT 10.0; Win64; x64) AppleWebKit/537.36 (KHTML, like Gecko) Chrome/128.0.0.0 Safari/537.36"
172.68.125.145 - - [12/Sep/2024:19:36:29 -0400] "GET /src/Views/roles/roles.css HTTP/1.1" 200 - "https://web.diproavilm.com/" "Mozilla/5.0 (Windows NT 10.0; Win64; x64) AppleWebKit/537.36 (KHTML, like Gecko) Chrome/128.0.0.0 Safari/537.36"
172.68.125.154 - - [12/Sep/2024:19:36:29 -0400] "GET /src/Views/roles/roles.js HTTP/1.1" 200 24483 "https://web.diproavilm.com/" "Mozilla/5.0 (Windows NT 10.0; Win64; x64) AppleWebKit/537.36 (KHTML, like Gecko) Chrome/128.0.0.0 Safari/537.36"
172.68.125.136 - - [12/Sep/2024:22:30:46 -0400] "GET / HTTP/1.1" 200 4827 "-" "Mozilla/5.0 (Linux; Android 10; K) AppleWebKit/537.36 (KHTML, like Gecko) Chrome/124.0.0.0 Mobile Safari/537.36"
172.68.125.130 - - [12/Sep/2024:22:30:47 -0400] "GET /assets/images/icono6UG8Blanco.png HTTP/1.1" 304 - "https://web.diproavilm.com/" "Mozilla/5.0 (Linux; Android 10; K) AppleWebKit/537.36 (KHTML, like Gecko) Chrome/124.0.0.0 Mobile Safari/537.36"
172.68.125.130 - - [12/Sep/2024:22:30:47 -0400] "GET /assets/js/main.js HTTP/1.1" 304 - "https://web.diproavilm.com/" "Mozilla/5.0 (Linux; Android 10; K) AppleWebKit/537.36 (KHTML, like Gecko) Chrome/124.0.0.0 Mobile Safari/537.36"
172.68.125.150 - - [12/Sep/2024:22:30:47 -0400] "GET /assets/js/numeroALetras.js HTTP/1.1" 304 - "https://web.diproavilm.com/" "Mozilla/5.0 (Linux; Android 10; K) AppleWebKit/537.36 (KHTML, like Gecko) Chrome/124.0.0.0 Mobile Safari/537.36"
172.68.125.132 - - [12/Sep/2024:22:30:47 -0400] "GET /assets/css/main.css HTTP/1.1" 304 - "https://web.diproavilm.com/" "Mozilla/5.0 (Linux; Android 10; K) AppleWebKit/537.36 (KHTML, like Gecko) Chrome/124.0.0.0 Mobile Safari/537.36"
172.68.125.136 - - [12/Sep/2024:22:30:47 -0400] "GET /config.json HTTP/1.1" 200 211 "https://web.diproavilm.com/" "Mozilla/5.0 (Linux; Android 10; K) AppleWebKit/537.36 (KHTML, like Gecko) Chrome/124.0.0.0 Mobile Safari/537.36"
172.68.125.142 - - [12/Sep/2024:22:30:47 -0400] "GET /assets/images/icono.ico HTTP/1.1" 304 - "https://web.diproavilm.com/" "Mozilla/5.0 (Linux; Android 10; K) AppleWebKit/537.36 (KHTML, like Gecko) Chrome/124.0.0.0 Mobile Safari/537.36"
172.68.125.136 - - [12/Sep/2024:22:30:48 -0400] "GET /src/Views/login/login.php HTTP/1.1" 200 2266 "https://web.diproavilm.com/" "Mozilla/5.0 (Linux; Android 10; K) AppleWebKit/537.36 (KHTML, like Gecko) Chrome/124.0.0.0 Mobile Safari/537.36"
172.68.125.146 - - [12/Sep/2024:22:30:48 -0400] "GET /src/Views/login/login.js HTTP/1.1" 304 - "https://web.diproavilm.com/" "Mozilla/5.0 (Linux; Android 10; K) AppleWebKit/537.36 (KHTML, like Gecko) Chrome/124.0.0.0 Mobile Safari/537.36"
172.68.125.138 - - [12/Sep/2024:22:30:48 -0400] "GET /src/Views/login/login.css HTTP/1.1" 304 - "https://web.diproavilm.com/" "Mozilla/5.0 (Linux; Android 10; K) AppleWebKit/537.36 (KHTML, like Gecko) Chrome/124.0.0.0 Mobile Safari/537.36"
172.68.125.138 - - [12/Sep/2024:22:30:49 -0400] "GET /logo.png HTTP/1.1" 304 - "https://web.diproavilm.com/" "Mozilla/5.0 (Linux; Android 10; K) AppleWebKit/537.36 (KHTML, like Gecko) Chrome/124.0.0.0 Mobile Safari/537.36"
172.68.125.137 - - [12/Sep/2024:22:30:59 -0400] "GET / HTTP/1.1" 200 4827 "https://web.diproavilm.com/" "Mozilla/5.0 (Linux; Android 10; K) AppleWebKit/537.36 (KHTML, like Gecko) Chrome/124.0.0.0 Mobile Safari/537.36"
172.68.125.137 - - [12/Sep/2024:22:31:02 -0400] "GET /src/Views/skeleton/skeleton.php HTTP/1.1" 200 1973 "https://web.diproavilm.com/" "Mozilla/5.0 (Linux; Android 10; K) AppleWebKit/537.36 (KHTML, like Gecko) Chrome/124.0.0.0 Mobile Safari/537.36"
172.68.125.138 - - [12/Sep/2024:22:31:02 -0400] "GET / HTTP/1.1" 200 4827 "https://www.google.com/" "Mozilla/5.0 (Linux; Android 11; SM-A107M) AppleWebKit/537.36 (KHTML, like Gecko) Chrome/127.0.0.0 Mobile Safari/537.36"
172.68.125.135 - - [12/Sep/2024:22:31:02 -0400] "GET /src/Views/skeleton/skeleton.css HTTP/1.1" 304 - "https://web.diproavilm.com/" "Mozilla/5.0 (Linux; Android 10; K) AppleWebKit/537.36 (KHTML, like Gecko) Chrome/124.0.0.0 Mobile Safari/537.36"
172.68.125.130 - - [12/Sep/2024:22:31:02 -0400] "GET /src/Views/skeleton/skeleton.js HTTP/1.1" 304 - "https://web.diproavilm.com/" "Mozilla/5.0 (Linux; Android 10; K) AppleWebKit/537.36 (KHTML, like Gecko) Chrome/124.0.0.0 Mobile Safari/537.36"
172.68.125.137 - - [12/Sep/2024:22:31:03 -0400] "GET /src/Controllers/BaseController.php?cont=dashventas&args= HTTP/1.1" 200 4703 "https://web.diproavilm.com/" "Mozilla/5.0 (Linux; Android 10; K) AppleWebKit/537.36 (KHTML, like Gecko) Chrome/124.0.0.0 Mobile Safari/537.36"
172.68.125.130 - - [12/Sep/2024:22:31:03 -0400] "GET /src/Views/dashventas/dashventas.css HTTP/1.1" 304 - "https://web.diproavilm.com/" "Mozilla/5.0 (Linux; Android 10; K) AppleWebKit/537.36 (KHTML, like Gecko) Chrome/124.0.0.0 Mobile Safari/537.36"
172.68.125.146 - - [12/Sep/2024:22:31:03 -0400] "GET /src/Views/dashventas/dashventas.js HTTP/1.1" 304 - "https://web.diproavilm.com/" "Mozilla/5.0 (Linux; Android 10; K) AppleWebKit/537.36 (KHTML, like Gecko) Chrome/124.0.0.0 Mobile Safari/537.36"
172.68.125.138 - - [12/Sep/2024:22:31:04 -0400] "GET /config.json HTTP/1.1" 200 211 "https://web.diproavilm.com/" "Mozilla/5.0 (Linux; Android 11; SM-A107M) AppleWebKit/537.36 (KHTML, like Gecko) Chrome/127.0.0.0 Mobile Safari/537.36"
172.68.125.138 - - [12/Sep/2024:22:31:04 -0400] "GET /src/Views/login/login.php HTTP/1.1" 200 2266 "https://web.diproavilm.com/" "Mozilla/5.0 (Linux; Android 11; SM-A107M) AppleWebKit/537.36 (KHTML, like Gecko) Chrome/127.0.0.0 Mobile Safari/537.36"
172.68.125.136 - - [12/Sep/2024:22:31:33 -0400] "GET / HTTP/1.1" 200 4827 "-" "Mozilla/5.0 (Linux; Android 10; K) AppleWebKit/537.36 (KHTML, like Gecko) Chrome/128.0.0.0 Mobile Safari/537.36"
172.68.125.138 - - [12/Sep/2024:22:31:34 -0400] "GET /config.json HTTP/1.1" 200 211 "https://web.diproavilm.com/" "Mozilla/5.0 (Linux; Android 10; K) AppleWebKit/537.36 (KHTML, like Gecko) Chrome/128.0.0.0 Mobile Safari/537.36"
172.68.125.138 - - [12/Sep/2024:22:31:35 -0400] "GET /src/Views/login/login.php HTTP/1.1" 200 2266 "https://web.diproavilm.com/" "Mozilla/5.0 (Linux; Android 10; K) AppleWebKit/537.36 (KHTML, like Gecko) Chrome/128.0.0.0 Mobile Safari/537.36"
172.70.134.242 - - [12/Sep/2024:22:31:38 -0400] "GET / HTTP/1.1" 200 4827 "-" "Mozilla/5.0 (Linux; Android 7.0; SM-G930V Build/NRD90M) AppleWebKit/537.36 (KHTML, like Gecko) Chrome/59.0.3071.125 Mobile Safari/537.36 (compatible; Google-Read-Aloud; +https://support.google.com/webmasters/answer/1061943)"
172.70.134.242 - - [12/Sep/2024:22:31:38 -0400] "GET / HTTP/1.1" 200 4827 "-" "Mozilla/5.0 (Linux; Android 7.0; SM-G930V Build/NRD90M) AppleWebKit/537.36 (KHTML, like Gecko) Chrome/59.0.3071.125 Mobile Safari/537.36 (compatible; Google-Read-Aloud; +https://support.google.com/webmasters/answer/1061943)"
172.70.134.243 - - [12/Sep/2024:22:31:38 -0400] "GET / HTTP/1.1" 200 4827 "-" "Mozilla/5.0 (Linux; Android 7.0; SM-G930V Build/NRD90M) AppleWebKit/537.36 (KHTML, like Gecko) Chrome/59.0.3071.125 Mobile Safari/537.36 (compatible; Google-Read-Aloud; +https://support.google.com/webmasters/answer/1061943)"
172.70.174.111 - - [12/Sep/2024:22:31:39 -0400] "GET /assets/js/main.js HTTP/1.1" 200 15335 "https://web.diproavilm.com/" "Mozilla/5.0 (Linux; Android 7.0; SM-G930V Build/NRD90M) AppleWebKit/537.36 (KHTML, like Gecko) Chrome/59.0.3071.125 Mobile Safari/537.36 (compatible; Google-Read-Aloud; +https://support.google.com/webmasters/answer/1061943)"
172.70.174.164 - - [12/Sep/2024:22:31:39 -0400] "GET /assets/css/main.css HTTP/1.1" 200 9403 "https://web.diproavilm.com/" "Mozilla/5.0 (Linux; Android 7.0; SM-G930V Build/NRD90M) AppleWebKit/537.36 (KHTML, like Gecko) Chrome/59.0.3071.125 Mobile Safari/537.36 (compatible; Google-Read-Aloud; +https://support.google.com/webmasters/answer/1061943)"
172.71.190.21 - - [12/Sep/2024:22:31:39 -0400] "GET /assets/js/numeroALetras.js HTTP/1.1" 200 6543 "https://web.diproavilm.com/" "Mozilla/5.0 (Linux; Android 7.0; SM-G930V Build/NRD90M) AppleWebKit/537.36 (KHTML, like Gecko) Chrome/59.0.3071.125 Mobile Safari/537.36 (compatible; Google-Read-Aloud; +https://support.google.com/webmasters/answer/1061943)"
172.70.42.219 - - [12/Sep/2024:22:31:39 -0400] "GET /config.json HTTP/1.1" 200 211 "https://web.diproavilm.com/" "Mozilla/5.0 (Linux; Android 7.0; SM-G930V Build/NRD90M) AppleWebKit/537.36 (KHTML, like Gecko) Chrome/59.0.3071.125 Mobile Safari/537.36 (compatible; Google-Read-Aloud; +https://support.google.com/webmasters/answer/1061943)"
172.70.42.242 - - [12/Sep/2024:22:31:39 -0400] "GET /src/Views/login/login.php HTTP/1.1" 200 2266 "https://web.diproavilm.com/" "Mozilla/5.0 (Linux; Android 7.0; SM-G930V Build/NRD90M) AppleWebKit/537.36 (KHTML, like Gecko) Chrome/59.0.3071.125 Mobile Safari/537.36 (compatible; Google-Read-Aloud; +https://support.google.com/webmasters/answer/1061943)"
172.70.39.86 - - [12/Sep/2024:22:31:40 -0400] "GET /src/Views/login/login.css HTTP/1.1" 200 304 "https://web.diproavilm.com/" "Mozilla/5.0 (Linux; Android 7.0; SM-G930V Build/NRD90M) AppleWebKit/537.36 (KHTML, like Gecko) Chrome/59.0.3071.125 Mobile Safari/537.36 (compatible; Google-Read-Aloud; +https://support.google.com/webmasters/answer/1061943)"
172.71.223.114 - - [12/Sep/2024:22:31:40 -0400] "GET /src/Views/login/login.js HTTP/1.1" 200 2259 "https://web.diproavilm.com/" "Mozilla/5.0 (Linux; Android 7.0; SM-G930V Build/NRD90M) AppleWebKit/537.36 (KHTML, like Gecko) Chrome/59.0.3071.125 Mobile Safari/537.36 (compatible; Google-Read-Aloud; +https://support.google.com/webmasters/answer/1061943)"
172.68.125.139 - - [12/Sep/2024:22:31:49 -0400] "GET / HTTP/1.1" 200 4827 "https://web.diproavilm.com/" "Mozilla/5.0 (Linux; Android 10; K) AppleWebKit/537.36 (KHTML, like Gecko) Chrome/128.0.0.0 Mobile Safari/537.36"
172.68.125.139 - - [12/Sep/2024:22:31:50 -0400] "GET /src/Views/skeleton/skeleton.php HTTP/1.1" 200 1973 "https://web.diproavilm.com/" "Mozilla/5.0 (Linux; Android 10; K) AppleWebKit/537.36 (KHTML, like Gecko) Chrome/128.0.0.0 Mobile Safari/537.36"
172.68.125.139 - - [12/Sep/2024:22:31:51 -0400] "GET /src/Controllers/BaseController.php?cont=dashventas&args= HTTP/1.1" 200 4703 "https://web.diproavilm.com/" "Mozilla/5.0 (Linux; Android 10; K) AppleWebKit/537.36 (KHTML, like Gecko) Chrome/128.0.0.0 Mobile Safari/537.36"
172.69.194.33 - - [12/Sep/2024:22:33:26 -0400] "GET / HTTP/1.1" 200 4827 "-" "Mozilla/5.0 (Windows NT 6.1) AppleWebKit/537.36 (KHTML, like Gecko) Chrome/49.0.2623.112 Safari/537.36"
172.68.87.144 - - [12/Sep/2024:22:33:28 -0400] "GET /assets/images/icono.ico HTTP/1.1" 200 4286 "-" "Mozilla/5.0 (Windows NT 6.1) AppleWebKit/537.36 (KHTML, like Gecko) Chrome/49.0.2623.112 Safari/537.36"
172.70.207.180 - - [12/Sep/2024:22:34:39 -0400] "GET / HTTP/1.1" 200 4827 "-" "Mozilla/5.0 (Windows NT 6.1) AppleWebKit/537.36 (KHTML, like Gecko) Chrome/49.0.2623.112 Safari/537.36"
172.69.34.18 - - [12/Sep/2024:22:34:42 -0400] "GET /assets/images/icono.ico HTTP/1.1" 200 4286 "-" "Mozilla/5.0 (Windows NT 6.1) AppleWebKit/537.36 (KHTML, like Gecko) Chrome/49.0.2623.112 Safari/537.36"
172.68.125.141 - - [12/Sep/2024:22:43:22 -0400] "GET / HTTP/1.1" 200 4827 "-" "Mozilla/5.0 (Windows NT 10.0; Win64; x64) AppleWebKit/537.36 (KHTML, like Gecko) Chrome/128.0.0.0 Safari/537.36"
172.68.125.141 - - [12/Sep/2024:22:43:23 -0400] "GET /config.json HTTP/1.1" 304 - "https://web.diproavilm.com/" "Mozilla/5.0 (Windows NT 10.0; Win64; x64) AppleWebKit/537.36 (KHTML, like Gecko) Chrome/128.0.0.0 Safari/537.36"
172.68.125.141 - - [12/Sep/2024:22:43:24 -0400] "GET /src/Views/login/login.php HTTP/1.1" 200 2266 "https://web.diproavilm.com/" "Mozilla/5.0 (Windows NT 10.0; Win64; x64) AppleWebKit/537.36 (KHTML, like Gecko) Chrome/128.0.0.0 Safari/537.36"
172.68.125.136 - - [12/Sep/2024:22:55:13 -0400] "GET / HTTP/1.1" 200 4827 "https://web.diproavilm.com/" "Mozilla/5.0 (Windows NT 10.0; Win64; x64) AppleWebKit/537.36 (KHTML, like Gecko) Chrome/128.0.0.0 Safari/537.36"
172.68.125.136 - - [12/Sep/2024:22:55:15 -0400] "GET /src/Views/skeleton/skeleton.php HTTP/1.1" 200 1973 "https://web.diproavilm.com/" "Mozilla/5.0 (Windows NT 10.0; Win64; x64) AppleWebKit/537.36 (KHTML, like Gecko) Chrome/128.0.0.0 Safari/537.36"
172.68.125.136 - - [12/Sep/2024:22:55:16 -0400] "GET /src/Controllers/BaseController.php?cont=dashventas&args= HTTP/1.1" 200 4703 "https://web.diproavilm.com/" "Mozilla/5.0 (Windows NT 10.0; Win64; x64) AppleWebKit/537.36 (KHTML, like Gecko) Chrome/128.0.0.0 Safari/537.36"
172.68.125.140 - - [12/Sep/2024:22:58:40 -0400] "GET /src/Controllers/BaseController.php?cont=dashventas&args= HTTP/1.1" 200 4703 "https://web.diproavilm.com/" "Mozilla/5.0 (Windows NT 10.0; Win64; x64) AppleWebKit/537.36 (KHTML, like Gecko) Chrome/128.0.0.0 Safari/537.36"
172.68.125.138 - - [12/Sep/2024:23:14:49 -0400] "GET /src/Controllers/BaseController.php?cont=lst_rotacion&args= HTTP/1.1" 200 2656 "https://web.diproavilm.com/" "Mozilla/5.0 (Windows NT 10.0; Win64; x64) AppleWebKit/537.36 (KHTML, like Gecko) Chrome/128.0.0.0 Safari/537.36"
172.68.125.131 - - [12/Sep/2024:23:14:49 -0400] "GET /src/Views/lst_rotacion/lst_rotacion.css HTTP/1.1" 200 - "https://web.diproavilm.com/" "Mozilla/5.0 (Windows NT 10.0; Win64; x64) AppleWebKit/537.36 (KHTML, like Gecko) Chrome/128.0.0.0 Safari/537.36"
172.68.125.158 - - [12/Sep/2024:23:14:49 -0400] "GET /src/Views/lst_rotacion/lst_rotacion.js HTTP/1.1" 200 14011 "https://web.diproavilm.com/" "Mozilla/5.0 (Windows NT 10.0; Win64; x64) AppleWebKit/537.36 (KHTML, like Gecko) Chrome/128.0.0.0 Safari/537.36"
172.68.125.139 - - [12/Sep/2024:23:19:24 -0400] "GET /src/Controllers/BaseController.php?cont=dashventas&args= HTTP/1.1" 200 4703 "https://web.diproavilm.com/" "Mozilla/5.0 (Windows NT 10.0; Win64; x64) AppleWebKit/537.36 (KHTML, like Gecko) Chrome/128.0.0.0 Safari/537.36"
172.68.125.139 - - [12/Sep/2024:23:19:25 -0400] "GET /src/Controllers/BaseController.php?cont=dashcompras&args= HTTP/1.1" 200 1209 "https://web.diproavilm.com/" "Mozilla/5.0 (Windows NT 10.0; Win64; x64) AppleWebKit/537.36 (KHTML, like Gecko) Chrome/128.0.0.0 Safari/537.36"
172.68.125.147 - - [12/Sep/2024:23:19:25 -0400] "GET /src/Views/error/error.css HTTP/1.1" 200 776 "https://web.diproavilm.com/" "Mozilla/5.0 (Windows NT 10.0; Win64; x64) AppleWebKit/537.36 (KHTML, like Gecko) Chrome/128.0.0.0 Safari/537.36"
172.68.125.139 - - [12/Sep/2024:23:19:34 -0400] "GET /src/Controllers/BaseController.php?cont=users&args= HTTP/1.1" 200 5588 "https://web.diproavilm.com/" "Mozilla/5.0 (Windows NT 10.0; Win64; x64) AppleWebKit/537.36 (KHTML, like Gecko) Chrome/128.0.0.0 Safari/537.36"
172.68.125.136 - - [12/Sep/2024:23:23:51 -0400] "GET / HTTP/1.1" 200 4827 "https://web.diproavilm.com/" "Mozilla/5.0 (Windows NT 10.0; Win64; x64) AppleWebKit/537.36 (KHTML, like Gecko) Chrome/128.0.0.0 Safari/537.36"
172.68.125.136 - - [12/Sep/2024:23:23:52 -0400] "GET /config.json HTTP/1.1" 304 - "https://web.diproavilm.com/" "Mozilla/5.0 (Windows NT 10.0; Win64; x64) AppleWebKit/537.36 (KHTML, like Gecko) Chrome/128.0.0.0 Safari/537.36"
172.68.125.136 - - [12/Sep/2024:23:23:53 -0400] "GET /src/Views/login/login.php HTTP/1.1" 200 2266 "https://web.diproavilm.com/" "Mozilla/5.0 (Windows NT 10.0; Win64; x64) AppleWebKit/537.36 (KHTML, like Gecko) Chrome/128.0.0.0 Safari/537.36"
172.68.125.130 - - [12/Sep/2024:23:23:53 -0400] "GET /assets/images/granja.jpg HTTP/1.1" 304 - "https://web.diproavilm.com/src/Views/login/login.css" "Mozilla/5.0 (Windows NT 10.0; Win64; x64) AppleWebKit/537.36 (KHTML, like Gecko) Chrome/128.0.0.0 Safari/537.36"
172.68.125.138 - - [12/Sep/2024:23:25:44 -0400] "GET / HTTP/1.1" 200 4827 "https://web.diproavilm.com/" "Mozilla/5.0 (Windows NT 10.0; Win64; x64) AppleWebKit/537.36 (KHTML, like Gecko) Chrome/128.0.0.0 Safari/537.36"
