172.68.125.138 - - [12/Sep/2024:23:25:45 -0400] "GET /src/Views/skeleton/skeleton.php HTTP/1.1" 200 1973 "https://web.diproavilm.com/" "Mozilla/5.0 (Windows NT 10.0; Win64; x64) AppleWebKit/537.36 (KHTML, like Gecko) Chrome/128.0.0.0 Safari/537.36"
172.68.125.138 - - [12/Sep/2024:23:25:46 -0400] "GET /src/Controllers/BaseController.php?cont=dashventas&args= HTTP/1.1" 200 4703 "https://web.diproavilm.com/" "Mozilla/5.0 (Windows NT 10.0; Win64; x64) AppleWebKit/537.36 (KHTML, like Gecko) Chrome/128.0.0.0 Safari/537.36"
172.68.125.138 - - [12/Sep/2024:23:25:50 -0400] "GET /src/Controllers/BaseController.php?cont=dashventas&args= HTTP/1.1" 200 4703 "https://web.diproavilm.com/" "Mozilla/5.0 (Windows NT 10.0; Win64; x64) AppleWebKit/537.36 (KHTML, like Gecko) Chrome/128.0.0.0 Safari/537.36"
172.68.125.139 - - [12/Sep/2024:23:27:00 -0400] "GET /src/Controllers/BaseController.php?cont=dashventas&args= HTTP/1.1" 200 4703 "https://web.diproavilm.com/" "Mozilla/5.0 (Windows NT 10.0; Win64; x64) AppleWebKit/537.36 (KHTML, like Gecko) Chrome/128.0.0.0 Safari/537.36"
172.68.125.143 - - [12/Sep/2024:23:27:03 -0400] "GET /src/Controllers/BaseController.php?cont=users&args= HTTP/1.1" 200 5588 "https://web.diproavilm.com/" "Mozilla/5.0 (Windows NT 10.0; Win64; x64) AppleWebKit/537.36 (KHTML, like Gecko) Chrome/128.0.0.0 Safari/537.36"
172.68.125.139 - - [12/Sep/2024:23:28:19 -0400] "GET /src/Controllers/BaseController.php?cont=users&args= HTTP/1.1" 200 5588 "https://web.diproavilm.com/" "Mozilla/5.0 (Windows NT 10.0; Win64; x64) AppleWebKit/537.36 (KHTML, like Gecko) Chrome/128.0.0.0 Safari/537.36"
172.68.125.137 - - [12/Sep/2024:23:28:39 -0400] "GET /src/Controllers/BaseController.php?cont=menu&args= HTTP/1.1" 200 5825 "https://web.diproavilm.com/" "Mozilla/5.0 (Windows NT 10.0; Win64; x64) AppleWebKit/537.36 (KHTML, like Gecko) Chrome/128.0.0.0 Safari/537.36"
172.68.125.137 - - [12/Sep/2024:23:28:39 -0400] "GET /src/Views/menu/menu.js HTTP/1.1" 200 19694 "https://web.diproavilm.com/" "Mozilla/5.0 (Windows NT 10.0; Win64; x64) AppleWebKit/537.36 (KHTML, like Gecko) Chrome/128.0.0.0 Safari/537.36"
172.68.125.156 - - [12/Sep/2024:23:28:39 -0400] "GET /src/Views/menu/menu.css HTTP/1.1" 200 46 "https://web.diproavilm.com/" "Mozilla/5.0 (Windows NT 10.0; Win64; x64) AppleWebKit/537.36 (KHTML, like Gecko) Chrome/128.0.0.0 Safari/537.36"
172.68.125.138 - - [12/Sep/2024:23:29:35 -0400] "GET /src/Controllers/BaseController.php?cont=roles&args= HTTP/1.1" 200 5752 "https://web.diproavilm.com/" "Mozilla/5.0 (Windows NT 10.0; Win64; x64) AppleWebKit/537.36 (KHTML, like Gecko) Chrome/128.0.0.0 Safari/537.36"
172.68.125.138 - - [12/Sep/2024:23:30:22 -0400] "GET /src/Controllers/BaseController.php?cont=beneficiarios&args= HTTP/1.1" 200 8415 "https://web.diproavilm.com/" "Mozilla/5.0 (Windows NT 10.0; Win64; x64) AppleWebKit/537.36 (KHTML, like Gecko) Chrome/128.0.0.0 Safari/537.36"
172.68.125.131 - - [12/Sep/2024:23:30:22 -0400] "GET /src/Views/beneficiarios/beneficiarios.css HTTP/1.1" 200 48 "https://web.diproavilm.com/" "Mozilla/5.0 (Windows NT 10.0; Win64; x64) AppleWebKit/537.36 (KHTML, like Gecko) Chrome/128.0.0.0 Safari/537.36"
172.68.125.146 - - [12/Sep/2024:23:30:22 -0400] "GET /src/Views/beneficiarios/beneficiarios.js HTTP/1.1" 200 30368 "https://web.diproavilm.com/" "Mozilla/5.0 (Windows NT 10.0; Win64; x64) AppleWebKit/537.36 (KHTML, like Gecko) Chrome/128.0.0.0 Safari/537.36"
172.68.125.139 - - [12/Sep/2024:23:31:02 -0400] "GET /src/Controllers/BaseController.php?cont=productos&args= HTTP/1.1" 200 7878 "https://web.diproavilm.com/" "Mozilla/5.0 (Windows NT 10.0; Win64; x64) AppleWebKit/537.36 (KHTML, like Gecko) Chrome/128.0.0.0 Safari/537.36"
172.68.125.135 - - [12/Sep/2024:23:31:02 -0400] "GET /src/Views/productos/productos.js HTTP/1.1" 200 22348 "https://web.diproavilm.com/" "Mozilla/5.0 (Windows NT 10.0; Win64; x64) AppleWebKit/537.36 (KHTML, like Gecko) Chrome/128.0.0.0 Safari/537.36"
172.68.125.138 - - [12/Sep/2024:23:31:36 -0400] "GET /src/Controllers/BaseController.php?cont=movimientos&args= HTTP/1.1" 200 12029 "https://web.diproavilm.com/" "Mozilla/5.0 (Windows NT 10.0; Win64; x64) AppleWebKit/537.36 (KHTML, like Gecko) Chrome/128.0.0.0 Safari/537.36"
172.68.125.132 - - [12/Sep/2024:23:31:36 -0400] "GET /src/Views/movimientos/movimientos.css HTTP/1.1" 200 38 "https://web.diproavilm.com/" "Mozilla/5.0 (Windows NT 10.0; Win64; x64) AppleWebKit/537.36 (KHTML, like Gecko) Chrome/128.0.0.0 Safari/537.36"
172.68.125.132 - - [12/Sep/2024:23:31:36 -0400] "GET /src/Views/movimientos/movimientos.js HTTP/1.1" 200 42886 "https://web.diproavilm.com/" "Mozilla/5.0 (Windows NT 10.0; Win64; x64) AppleWebKit/537.36 (KHTML, like Gecko) Chrome/128.0.0.0 Safari/537.36"
172.68.125.138 - - [12/Sep/2024:23:32:43 -0400] "GET /src/Controllers/BaseController.php?cont=lst_usuarios&args= HTTP/1.1" 200 4082 "https://web.diproavilm.com/" "Mozilla/5.0 (Windows NT 10.0; Win64; x64) AppleWebKit/537.36 (KHTML, like Gecko) Chrome/128.0.0.0 Safari/537.36"
172.68.125.139 - - [12/Sep/2024:23:33:28 -0400] "GET /src/Controllers/BaseController.php?cont=lst_productos&args= HTTP/1.1" 200 1318 "https://web.diproavilm.com/" "Mozilla/5.0 (Windows NT 10.0; Win64; x64) AppleWebKit/537.36 (KHTML, like Gecko) Chrome/128.0.0.0 Safari/537.36"
172.68.125.131 - - [12/Sep/2024:23:33:28 -0400] "GET /src/Views/lst_productos/lst_productos.js HTTP/1.1" 200 11397 "https://web.diproavilm.com/" "Mozilla/5.0 (Windows NT 10.0; Win64; x64) AppleWebKit/537.36 (KHTML, like Gecko) Chrome/128.0.0.0 Safari/537.36"
172.68.125.138 - - [12/Sep/2024:23:34:33 -0400] "GET /src/Controllers/BaseController.php?cont=bot_capas&args= HTTP/1.1" 200 6906 "https://web.diproavilm.com/" "Mozilla/5.0 (Windows NT 10.0; Win64; x64) AppleWebKit/537.36 (KHTML, like Gecko) Chrome/128.0.0.0 Safari/537.36"
172.68.125.132 - - [12/Sep/2024:23:34:33 -0400] "GET /src/Views/bot_capas/bot_capas.js HTTP/1.1" 304 - "https://web.diproavilm.com/" "Mozilla/5.0 (Windows NT 10.0; Win64; x64) AppleWebKit/537.36 (KHTML, like Gecko) Chrome/128.0.0.0 Safari/537.36"
172.68.125.132 - - [12/Sep/2024:23:34:33 -0400] "GET /src/Views/bot_capas/bot_capas.css HTTP/1.1" 304 - "https://web.diproavilm.com/" "Mozilla/5.0 (Windows NT 10.0; Win64; x64) AppleWebKit/537.36 (KHTML, like Gecko) Chrome/128.0.0.0 Safari/537.36"
172.68.125.138 - - [12/Sep/2024:23:35:34 -0400] "GET /src/Controllers/BaseController.php?cont=bot_dict&args= HTTP/1.1" 200 7088 "https://web.diproavilm.com/" "Mozilla/5.0 (Windows NT 10.0; Win64; x64) AppleWebKit/537.36 (KHTML, like Gecko) Chrome/128.0.0.0 Safari/537.36"
172.68.125.135 - - [12/Sep/2024:23:35:34 -0400] "GET /src/Views/bot_dict/bot_dict.css HTTP/1.1" 200 31 "https://web.diproavilm.com/" "Mozilla/5.0 (Windows NT 10.0; Win64; x64) AppleWebKit/537.36 (KHTML, like Gecko) Chrome/128.0.0.0 Safari/537.36"
172.68.125.149 - - [12/Sep/2024:23:35:34 -0400] "GET /src/Views/bot_dict/bot_dict.js HTTP/1.1" 200 14594 "https://web.diproavilm.com/" "Mozilla/5.0 (Windows NT 10.0; Win64; x64) AppleWebKit/537.36 (KHTML, like Gecko) Chrome/128.0.0.0 Safari/537.36"
172.68.125.139 - - [12/Sep/2024:23:36:17 -0400] "GET /src/Controllers/BaseController.php?cont=bot_users&args= HTTP/1.1" 200 4880 "https://web.diproavilm.com/" "Mozilla/5.0 (Windows NT 10.0; Win64; x64) AppleWebKit/537.36 (KHTML, like Gecko) Chrome/128.0.0.0 Safari/537.36"
172.68.125.142 - - [12/Sep/2024:23:36:17 -0400] "GET /src/Views/bot_users/bot_users.css HTTP/1.1" 200 - "https://web.diproavilm.com/" "Mozilla/5.0 (Windows NT 10.0; Win64; x64) AppleWebKit/537.36 (KHTML, like Gecko) Chrome/128.0.0.0 Safari/537.36"
172.68.125.143 - - [12/Sep/2024:23:36:17 -0400] "GET /src/Views/bot_users/bot_users.js HTTP/1.1" 200 17342 "https://web.diproavilm.com/" "Mozilla/5.0 (Windows NT 10.0; Win64; x64) AppleWebKit/537.36 (KHTML, like Gecko) Chrome/128.0.0.0 Safari/537.36"
172.68.125.138 - - [12/Sep/2024:23:37:16 -0400] "GET /src/Controllers/BaseController.php?cont=config&args= HTTP/1.1" 200 3473 "https://web.diproavilm.com/" "Mozilla/5.0 (Windows NT 10.0; Win64; x64) AppleWebKit/537.36 (KHTML, like Gecko) Chrome/128.0.0.0 Safari/537.36"
172.68.125.133 - - [12/Sep/2024:23:37:16 -0400] "GET /src/Views/config/config.js HTTP/1.1" 200 8887 "https://web.diproavilm.com/" "Mozilla/5.0 (Windows NT 10.0; Win64; x64) AppleWebKit/537.36 (KHTML, like Gecko) Chrome/128.0.0.0 Safari/537.36"
172.68.125.152 - - [12/Sep/2024:23:37:16 -0400] "GET /src/Views/config/config.css HTTP/1.1" 200 - "https://web.diproavilm.com/" "Mozilla/5.0 (Windows NT 10.0; Win64; x64) AppleWebKit/537.36 (KHTML, like Gecko) Chrome/128.0.0.0 Safari/537.36"
172.68.125.140 - - [12/Sep/2024:23:37:23 -0400] "GET /src/Controllers/BaseController.php?cont=mapasitio&args= HTTP/1.1" 200 787 "https://web.diproavilm.com/" "Mozilla/5.0 (Windows NT 10.0; Win64; x64) AppleWebKit/537.36 (KHTML, like Gecko) Chrome/128.0.0.0 Safari/537.36"
172.68.125.151 - - [12/Sep/2024:23:37:24 -0400] "GET /src/Views/mapasitio/mapasitio.js HTTP/1.1" 200 775 "https://web.diproavilm.com/" "Mozilla/5.0 (Windows NT 10.0; Win64; x64) AppleWebKit/537.36 (KHTML, like Gecko) Chrome/128.0.0.0 Safari/537.36"
172.68.125.143 - - [12/Sep/2024:23:37:24 -0400] "GET /src/Views/mapasitio/mapasitio.css HTTP/1.1" 200 93 "https://web.diproavilm.com/" "Mozilla/5.0 (Windows NT 10.0; Win64; x64) AppleWebKit/537.36 (KHTML, like Gecko) Chrome/128.0.0.0 Safari/537.36"
172.68.125.138 - - [12/Sep/2024:23:48:42 -0400] "GET / HTTP/1.1" 200 4827 "-" "WhatsApp/2.2435.4 W"
172.68.125.142 - - [12/Sep/2024:23:48:50 -0400] "GET / HTTP/1.1" 200 4827 "-" "Mozilla/5.0 (Windows NT 10.0; Win64; x64) AppleWebKit/537.36 (KHTML, like Gecko) Chrome/128.0.0.0 Safari/537.36"
172.68.125.142 - - [12/Sep/2024:23:48:52 -0400] "GET /config.json HTTP/1.1" 200 211 "https://web.diproavilm.com/" "Mozilla/5.0 (Windows NT 10.0; Win64; x64) AppleWebKit/537.36 (KHTML, like Gecko) Chrome/128.0.0.0 Safari/537.36"
172.68.125.142 - - [12/Sep/2024:23:48:52 -0400] "GET /src/Views/login/login.php HTTP/1.1" 200 2266 "https://web.diproavilm.com/" "Mozilla/5.0 (Windows NT 10.0; Win64; x64) AppleWebKit/537.36 (KHTML, like Gecko) Chrome/128.0.0.0 Safari/537.36"
172.68.230.132 - - [12/Sep/2024:23:56:47 -0400] "GET / HTTP/1.1" 200 4827 "-" "Mozilla/5.0 (Linux; Android 10; K) AppleWebKit/537.36 (KHTML, like Gecko) Chrome/128.0.0.0 Safari/537.36"
172.68.230.152 - - [12/Sep/2024:23:56:48 -0400] "GET /assets/images/icono6UG8Blanco.png HTTP/1.1" 304 - "https://web.diproavilm.com/" "Mozilla/5.0 (Linux; Android 10; K) AppleWebKit/537.36 (KHTML, like Gecko) Chrome/128.0.0.0 Safari/537.36"
172.68.230.164 - - [12/Sep/2024:23:56:48 -0400] "GET /assets/css/main.css HTTP/1.1" 304 - "https://web.diproavilm.com/" "Mozilla/5.0 (Linux; Android 10; K) AppleWebKit/537.36 (KHTML, like Gecko) Chrome/128.0.0.0 Safari/537.36"
172.68.230.154 - - [12/Sep/2024:23:56:48 -0400] "GET /assets/js/numeroALetras.js HTTP/1.1" 304 - "https://web.diproavilm.com/" "Mozilla/5.0 (Linux; Android 10; K) AppleWebKit/537.36 (KHTML, like Gecko) Chrome/128.0.0.0 Safari/537.36"
172.68.230.171 - - [12/Sep/2024:23:56:48 -0400] "GET /assets/js/main.js HTTP/1.1" 304 - "https://web.diproavilm.com/" "Mozilla/5.0 (Linux; Android 10; K) AppleWebKit/537.36 (KHTML, like Gecko) Chrome/128.0.0.0 Safari/537.36"
172.68.230.144 - - [12/Sep/2024:23:56:51 -0400] "GET /config.json HTTP/1.1" 200 211 "https://web.diproavilm.com/" "Mozilla/5.0 (Linux; Android 10; K) AppleWebKit/537.36 (KHTML, like Gecko) Chrome/128.0.0.0 Safari/537.36"
172.68.230.134 - - [12/Sep/2024:23:56:51 -0400] "GET /assets/images/icono.ico HTTP/1.1" 304 - "https://web.diproavilm.com/" "Mozilla/5.0 (Linux; Android 10; K) AppleWebKit/537.36 (KHTML, like Gecko) Chrome/128.0.0.0 Safari/537.36"
172.68.230.144 - - [12/Sep/2024:23:56:51 -0400] "GET /src/Views/login/login.php HTTP/1.1" 200 2266 "https://web.diproavilm.com/" "Mozilla/5.0 (Linux; Android 10; K) AppleWebKit/537.36 (KHTML, like Gecko) Chrome/128.0.0.0 Safari/537.36"
172.68.230.144 - - [12/Sep/2024:23:56:51 -0400] "GET /config HTTP/1.1" 404 196 "https://web.diproavilm.com/" "Mozilla/5.0 (Linux; Android 10; K) AppleWebKit/537.36 (KHTML, like Gecko) Chrome/128.0.0.0 Safari/537.36"
172.68.230.154 - - [12/Sep/2024:23:56:51 -0400] "GET /src/Views/login/login.css HTTP/1.1" 304 - "https://web.diproavilm.com/" "Mozilla/5.0 (Linux; Android 10; K) AppleWebKit/537.36 (KHTML, like Gecko) Chrome/128.0.0.0 Safari/537.36"
172.68.230.162 - - [12/Sep/2024:23:56:51 -0400] "GET /src/Views/login/login.js HTTP/1.1" 304 - "https://web.diproavilm.com/" "Mozilla/5.0 (Linux; Android 10; K) AppleWebKit/537.36 (KHTML, like Gecko) Chrome/128.0.0.0 Safari/537.36"
172.68.230.154 - - [12/Sep/2024:23:56:51 -0400] "GET /logo.png HTTP/1.1" 304 - "https://web.diproavilm.com/" "Mozilla/5.0 (Linux; Android 10; K) AppleWebKit/537.36 (KHTML, like Gecko) Chrome/128.0.0.0 Safari/537.36"
172.68.230.139 - - [12/Sep/2024:23:56:51 -0400] "GET /assets/images/granja.jpg HTTP/1.1" 304 - "https://web.diproavilm.com/src/Views/login/login.css" "Mozilla/5.0 (Linux; Android 10; K) AppleWebKit/537.36 (KHTML, like Gecko) Chrome/128.0.0.0 Safari/537.36"
172.68.230.145 - - [13/Sep/2024:00:00:26 -0400] "GET /src/Views/change/change.php HTTP/1.1" 200 3349 "https://web.diproavilm.com/" "Mozilla/5.0 (Linux; Android 10; K) AppleWebKit/537.36 (KHTML, like Gecko) Chrome/128.0.0.0 Safari/537.36"
172.68.230.130 - - [13/Sep/2024:00:00:26 -0400] "GET /src/Views/change/change.css HTTP/1.1" 200 731 "https://web.diproavilm.com/" "Mozilla/5.0 (Linux; Android 10; K) AppleWebKit/537.36 (KHTML, like Gecko) Chrome/128.0.0.0 Safari/537.36"
172.68.230.137 - - [13/Sep/2024:00:00:26 -0400] "GET /src/Views/change/change.js HTTP/1.1" 200 5417 "https://web.diproavilm.com/" "Mozilla/5.0 (Linux; Android 10; K) AppleWebKit/537.36 (KHTML, like Gecko) Chrome/128.0.0.0 Safari/537.36"
172.68.230.133 - - [13/Sep/2024:00:01:59 -0400] "GET /src/Views/login/login.php HTTP/1.1" 200 2266 "https://web.diproavilm.com/" "Mozilla/5.0 (Linux; Android 10; K) AppleWebKit/537.36 (KHTML, like Gecko) Chrome/128.0.0.0 Safari/537.36"
172.68.230.163 - - [13/Sep/2024:00:04:44 -0400] "GET / HTTP/1.1" 200 4827 "-" "Mozilla/5.0 (Windows NT 10.0; Win64; x64) AppleWebKit/537.36 (KHTML, like Gecko) Chrome/128.0.0.0 Safari/537.36 Edg/128.0.0.0"
172.68.230.163 - - [13/Sep/2024:00:04:45 -0400] "GET /config.json HTTP/1.1" 304 - "https://web.diproavilm.com/" "Mozilla/5.0 (Windows NT 10.0; Win64; x64) AppleWebKit/537.36 (KHTML, like Gecko) Chrome/128.0.0.0 Safari/537.36 Edg/128.0.0.0"
172.68.230.163 - - [13/Sep/2024:00:04:46 -0400] "GET /src/Views/login/login.php HTTP/1.1" 200 2266 "https://web.diproavilm.com/" "Mozilla/5.0 (Windows NT 10.0; Win64; x64) AppleWebKit/537.36 (KHTML, like Gecko) Chrome/128.0.0.0 Safari/537.36 Edg/128.0.0.0"
172.68.230.162 - - [13/Sep/2024:00:04:53 -0400] "GET / HTTP/1.1" 200 4827 "https://web.diproavilm.com/" "Mozilla/5.0 (Windows NT 10.0; Win64; x64) AppleWebKit/537.36 (KHTML, like Gecko) Chrome/128.0.0.0 Safari/537.36 Edg/128.0.0.0"
172.68.230.162 - - [13/Sep/2024:00:04:54 -0400] "GET /src/Views/skeleton/skeleton.php HTTP/1.1" 200 1973 "https://web.diproavilm.com/" "Mozilla/5.0 (Windows NT 10.0; Win64; x64) AppleWebKit/537.36 (KHTML, like Gecko) Chrome/128.0.0.0 Safari/537.36 Edg/128.0.0.0"
172.68.230.155 - - [13/Sep/2024:00:04:54 -0400] "GET /src/Views/skeleton/skeleton.css HTTP/1.1" 304 - "https://web.diproavilm.com/" "Mozilla/5.0 (Windows NT 10.0; Win64; x64) AppleWebKit/537.36 (KHTML, like Gecko) Chrome/128.0.0.0 Safari/537.36 Edg/128.0.0.0"
172.68.230.154 - - [13/Sep/2024:00:04:54 -0400] "GET /src/Views/skeleton/skeleton.js HTTP/1.1" 304 - "https://web.diproavilm.com/" "Mozilla/5.0 (Windows NT 10.0; Win64; x64) AppleWebKit/537.36 (KHTML, like Gecko) Chrome/128.0.0.0 Safari/537.36 Edg/128.0.0.0"
172.68.230.162 - - [13/Sep/2024:00:04:55 -0400] "GET /src/Controllers/BaseController.php?cont=dashventas&args= HTTP/1.1" 200 4703 "https://web.diproavilm.com/" "Mozilla/5.0 (Windows NT 10.0; Win64; x64) AppleWebKit/537.36 (KHTML, like Gecko) Chrome/128.0.0.0 Safari/537.36 Edg/128.0.0.0"
172.68.230.162 - - [13/Sep/2024:00:04:55 -0400] "GET /src/Views/dashventas/dashventas.css HTTP/1.1" 304 - "https://web.diproavilm.com/" "Mozilla/5.0 (Windows NT 10.0; Win64; x64) AppleWebKit/537.36 (KHTML, like Gecko) Chrome/128.0.0.0 Safari/537.36 Edg/128.0.0.0"
172.68.230.157 - - [13/Sep/2024:00:04:55 -0400] "GET /src/Views/dashventas/dashventas.js HTTP/1.1" 304 - "https://web.diproavilm.com/" "Mozilla/5.0 (Windows NT 10.0; Win64; x64) AppleWebKit/537.36 (KHTML, like Gecko) Chrome/128.0.0.0 Safari/537.36 Edg/128.0.0.0"
172.68.230.162 - - [13/Sep/2024:00:04:59 -0400] "GET /src/Controllers/BaseController.php?cont=users&args= HTTP/1.1" 200 5588 "https://web.diproavilm.com/" "Mozilla/5.0 (Windows NT 10.0; Win64; x64) AppleWebKit/537.36 (KHTML, like Gecko) Chrome/128.0.0.0 Safari/537.36 Edg/128.0.0.0"
172.68.230.154 - - [13/Sep/2024:00:04:59 -0400] "GET /src/Views/users/users.css HTTP/1.1" 304 - "https://web.diproavilm.com/" "Mozilla/5.0 (Windows NT 10.0; Win64; x64) AppleWebKit/537.36 (KHTML, like Gecko) Chrome/128.0.0.0 Safari/537.36 Edg/128.0.0.0"
172.68.230.132 - - [13/Sep/2024:00:04:59 -0400] "GET /src/Views/users/users.js HTTP/1.1" 304 - "https://web.diproavilm.com/" "Mozilla/5.0 (Windows NT 10.0; Win64; x64) AppleWebKit/537.36 (KHTML, like Gecko) Chrome/128.0.0.0 Safari/537.36 Edg/128.0.0.0"
172.68.230.168 - - [13/Sep/2024:00:06:55 -0400] "GET /src/Views/establecerclave/establecerclave.php HTTP/1.1" 200 2925 "https://web.diproavilm.com/" "Mozilla/5.0 (Linux; Android 10; K) AppleWebKit/537.36 (KHTML, like Gecko) Chrome/128.0.0.0 Safari/537.36"
172.68.230.143 - - [13/Sep/2024:00:06:55 -0400] "GET /src/Views/establecerclave/establecerclave.js HTTP/1.1" 304 - "https://web.diproavilm.com/" "Mozilla/5.0 (Linux; Android 10; K) AppleWebKit/537.36 (KHTML, like Gecko) Chrome/128.0.0.0 Safari/537.36"
172.68.230.162 - - [13/Sep/2024:00:06:55 -0400] "GET /src/Views/establecerclave/establecerclave.css HTTP/1.1" 304 - "https://web.diproavilm.com/" "Mozilla/5.0 (Linux; Android 10; K) AppleWebKit/537.36 (KHTML, like Gecko) Chrome/128.0.0.0 Safari/537.36"
172.68.230.162 - - [13/Sep/2024:00:08:47 -0400] "GET / HTTP/1.1" 200 4827 "https://web.diproavilm.com/" "Mozilla/5.0 (Linux; Android 10; K) AppleWebKit/537.36 (KHTML, like Gecko) Chrome/128.0.0.0 Safari/537.36"
172.68.230.162 - - [13/Sep/2024:00:08:49 -0400] "GET /src/Views/login/login.php HTTP/1.1" 200 2266 "https://web.diproavilm.com/" "Mozilla/5.0 (Linux; Android 10; K) AppleWebKit/537.36 (KHTML, like Gecko) Chrome/128.0.0.0 Safari/537.36"
172.68.125.142 - - [13/Sep/2024:00:09:03 -0400] "GET / HTTP/1.1" 200 4827 "https://web.diproavilm.com/" "Mozilla/5.0 (Windows NT 10.0; Win64; x64) AppleWebKit/537.36 (KHTML, like Gecko) Chrome/128.0.0.0 Safari/537.36"
172.68.125.142 - - [13/Sep/2024:00:09:03 -0400] "GET /config.json HTTP/1.1" 304 - "https://web.diproavilm.com/" "Mozilla/5.0 (Windows NT 10.0; Win64; x64) AppleWebKit/537.36 (KHTML, like Gecko) Chrome/128.0.0.0 Safari/537.36"
172.68.125.142 - - [13/Sep/2024:00:09:04 -0400] "GET /src/Views/login/login.php HTTP/1.1" 200 2266 "https://web.diproavilm.com/" "Mozilla/5.0 (Windows NT 10.0; Win64; x64) AppleWebKit/537.36 (KHTML, like Gecko) Chrome/128.0.0.0 Safari/537.36"
172.68.230.168 - - [13/Sep/2024:00:09:40 -0400] "GET / HTTP/1.1" 200 4827 "https://web.diproavilm.com/" "Mozilla/5.0 (Linux; Android 10; K) AppleWebKit/537.36 (KHTML, like Gecko) Chrome/128.0.0.0 Safari/537.36"
172.68.230.168 - - [13/Sep/2024:00:09:41 -0400] "GET /src/Views/skeleton/skeleton.php HTTP/1.1" 200 1973 "https://web.diproavilm.com/" "Mozilla/5.0 (Linux; Android 10; K) AppleWebKit/537.36 (KHTML, like Gecko) Chrome/128.0.0.0 Safari/537.36"
172.68.230.168 - - [13/Sep/2024:00:09:42 -0400] "GET /src/Controllers/BaseController.php?cont=dashventas&args= HTTP/1.1" 200 4703 "https://web.diproavilm.com/" "Mozilla/5.0 (Linux; Android 10; K) AppleWebKit/537.36 (KHTML, like Gecko) Chrome/128.0.0.0 Safari/537.36"
172.68.230.169 - - [13/Sep/2024:01:01:15 -0400] "GET /src/Controllers/BaseController.php?cont=bot_capas&args= HTTP/1.1" 200 6906 "https://web.diproavilm.com/" "Mozilla/5.0 (Windows NT 10.0; Win64; x64) AppleWebKit/537.36 (KHTML, like Gecko) Chrome/128.0.0.0 Safari/537.36 Edg/128.0.0.0"
172.68.230.158 - - [13/Sep/2024:01:01:15 -0400] "GET /src/Views/bot_capas/bot_capas.css HTTP/1.1" 200 45 "https://web.diproavilm.com/" "Mozilla/5.0 (Windows NT 10.0; Win64; x64) AppleWebKit/537.36 (KHTML, like Gecko) Chrome/128.0.0.0 Safari/537.36 Edg/128.0.0.0"
172.68.230.156 - - [13/Sep/2024:01:01:15 -0400] "GET /src/Views/bot_capas/bot_capas.js HTTP/1.1" 200 13436 "https://web.diproavilm.com/" "Mozilla/5.0 (Windows NT 10.0; Win64; x64) AppleWebKit/537.36 (KHTML, like Gecko) Chrome/128.0.0.0 Safari/537.36 Edg/128.0.0.0"
172.68.230.169 - - [13/Sep/2024:01:09:15 -0400] "GET /src/Controllers/BaseController.php?cont=bot_dict&args= HTTP/1.1" 200 7088 "https://web.diproavilm.com/" "Mozilla/5.0 (Windows NT 10.0; Win64; x64) AppleWebKit/537.36 (KHTML, like Gecko) Chrome/128.0.0.0 Safari/537.36 Edg/128.0.0.0"
172.68.230.140 - - [13/Sep/2024:01:09:15 -0400] "GET /src/Views/bot_dict/bot_dict.js HTTP/1.1" 200 14594 "https://web.diproavilm.com/" "Mozilla/5.0 (Windows NT 10.0; Win64; x64) AppleWebKit/537.36 (KHTML, like Gecko) Chrome/128.0.0.0 Safari/537.36 Edg/128.0.0.0"
172.68.230.138 - - [13/Sep/2024:01:09:15 -0400] "GET /src/Views/bot_dict/bot_dict.css HTTP/1.1" 200 31 "https://web.diproavilm.com/" "Mozilla/5.0 (Windows NT 10.0; Win64; x64) AppleWebKit/537.36 (KHTML, like Gecko) Chrome/128.0.0.0 Safari/537.36 Edg/128.0.0.0"
172.68.230.144 - - [13/Sep/2024:02:14:22 -0400] "GET /src/Controllers/BaseController.php?cont=bot_capas&args= HTTP/1.1" 200 6906 "https://web.diproavilm.com/" "Mozilla/5.0 (Windows NT 10.0; Win64; x64) AppleWebKit/537.36 (KHTML, like Gecko) Chrome/128.0.0.0 Safari/537.36 Edg/128.0.0.0"
172.68.230.144 - - [13/Sep/2024:02:14:59 -0400] "GET /src/Controllers/BaseController.php?cont=bot_dict&args= HTTP/1.1" 200 7088 "https://web.diproavilm.com/" "Mozilla/5.0 (Windows NT 10.0; Win64; x64) AppleWebKit/537.36 (KHTML, like Gecko) Chrome/128.0.0.0 Safari/537.36 Edg/128.0.0.0"
172.68.230.145 - - [13/Sep/2024:02:15:07 -0400] "GET /src/Controllers/BaseController.php?cont=bot_capas&args= HTTP/1.1" 200 6906 "https://web.diproavilm.com/" "Mozilla/5.0 (Windows NT 10.0; Win64; x64) AppleWebKit/537.36 (KHTML, like Gecko) Chrome/128.0.0.0 Safari/537.36 Edg/128.0.0.0"
172.68.230.144 - - [13/Sep/2024:02:17:44 -0400] "GET /src/Controllers/BaseController.php?cont=dashventas&args= HTTP/1.1" 200 4703 "https://web.diproavilm.com/" "Mozilla/5.0 (Windows NT 10.0; Win64; x64) AppleWebKit/537.36 (KHTML, like Gecko) Chrome/128.0.0.0 Safari/537.36 Edg/128.0.0.0"
172.68.230.144 - - [13/Sep/2024:02:17:46 -0400] "GET /src/Controllers/BaseController.php?cont=dashcompras&args= HTTP/1.1" 200 1209 "https://web.diproavilm.com/" "Mozilla/5.0 (Windows NT 10.0; Win64; x64) AppleWebKit/537.36 (KHTML, like Gecko) Chrome/128.0.0.0 Safari/537.36 Edg/128.0.0.0"
172.68.230.164 - - [13/Sep/2024:02:17:46 -0400] "GET /src/Views/error/error.css HTTP/1.1" 200 776 "https://web.diproavilm.com/" "Mozilla/5.0 (Windows NT 10.0; Win64; x64) AppleWebKit/537.36 (KHTML, like Gecko) Chrome/128.0.0.0 Safari/537.36 Edg/128.0.0.0"
172.68.230.144 - - [13/Sep/2024:02:17:51 -0400] "GET /src/Controllers/BaseController.php?cont=dashventas&args= HTTP/1.1" 200 4703 "https://web.diproavilm.com/" "Mozilla/5.0 (Windows NT 10.0; Win64; x64) AppleWebKit/537.36 (KHTML, like Gecko) Chrome/128.0.0.0 Safari/537.36 Edg/128.0.0.0"
172.68.230.144 - - [13/Sep/2024:02:17:54 -0400] "GET /src/Controllers/BaseController.php?cont=lst_usuarios&args= HTTP/1.1" 200 4082 "https://web.diproavilm.com/" "Mozilla/5.0 (Windows NT 10.0; Win64; x64) AppleWebKit/537.36 (KHTML, like Gecko) Chrome/128.0.0.0 Safari/537.36 Edg/128.0.0.0"
172.68.230.153 - - [13/Sep/2024:02:17:54 -0400] "GET /src/Views/lst_usuarios/lst_usuarios.css HTTP/1.1" 200 - "https://web.diproavilm.com/" "Mozilla/5.0 (Windows NT 10.0; Win64; x64) AppleWebKit/537.36 (KHTML, like Gecko) Chrome/128.0.0.0 Safari/537.36 Edg/128.0.0.0"
172.68.230.134 - - [13/Sep/2024:02:17:54 -0400] "GET /src/Views/lst_usuarios/lst_usuarios.js HTTP/1.1" 200 12801 "https://web.diproavilm.com/" "Mozilla/5.0 (Windows NT 10.0; Win64; x64) AppleWebKit/537.36 (KHTML, like Gecko) Chrome/128.0.0.0 Safari/537.36 Edg/128.0.0.0"
172.68.230.144 - - [13/Sep/2024:02:17:58 -0400] "GET /src/Controllers/BaseController.php?cont=lst_invvalorado&args= HTTP/1.1" 200 2559 "https://web.diproavilm.com/" "Mozilla/5.0 (Windows NT 10.0; Win64; x64) AppleWebKit/537.36 (KHTML, like Gecko) Chrome/128.0.0.0 Safari/537.36 Edg/128.0.0.0"
172.68.230.169 - - [13/Sep/2024:02:17:58 -0400] "GET /src/Views/lst_invvalorado/lst_invvalorado.css HTTP/1.1" 200 431 "https://web.diproavilm.com/" "Mozilla/5.0 (Windows NT 10.0; Win64; x64) AppleWebKit/537.36 (KHTML, like Gecko) Chrome/128.0.0.0 Safari/537.36 Edg/128.0.0.0"
172.68.230.159 - - [13/Sep/2024:02:17:58 -0400] "GET /src/Views/lst_invvalorado/lst_invvalorado.js HTTP/1.1" 200 14771 "https://web.diproavilm.com/" "Mozilla/5.0 (Windows NT 10.0; Win64; x64) AppleWebKit/537.36 (KHTML, like Gecko) Chrome/128.0.0.0 Safari/537.36 Edg/128.0.0.0"
172.68.230.137 - - [13/Sep/2024:02:18:01 -0400] "GET /web6ug8/assets/images/logo.jpg HTTP/1.1" 404 196 "https://web.diproavilm.com/" "Mozilla/5.0 (Windows NT 10.0; Win64; x64) AppleWebKit/537.36 (KHTML, like Gecko) Chrome/128.0.0.0 Safari/537.36 Edg/128.0.0.0"
172.68.230.145 - - [13/Sep/2024:02:18:17 -0400] "GET / HTTP/1.1" 200 4827 "https://web.diproavilm.com/" "Mozilla/5.0 (Windows NT 10.0; Win64; x64) AppleWebKit/537.36 (KHTML, like Gecko) Chrome/128.0.0.0 Safari/537.36 Edg/128.0.0.0"
172.68.230.165 - - [13/Sep/2024:02:18:18 -0400] "GET /assets/css/main.css HTTP/1.1" 304 - "https://web.diproavilm.com/" "Mozilla/5.0 (Windows NT 10.0; Win64; x64) AppleWebKit/537.36 (KHTML, like Gecko) Chrome/128.0.0.0 Safari/537.36 Edg/128.0.0.0"
172.68.230.152 - - [13/Sep/2024:02:18:18 -0400] "GET /assets/images/icono6UG8Blanco.png HTTP/1.1" 304 - "https://web.diproavilm.com/" "Mozilla/5.0 (Windows NT 10.0; Win64; x64) AppleWebKit/537.36 (KHTML, like Gecko) Chrome/128.0.0.0 Safari/537.36 Edg/128.0.0.0"
172.68.230.155 - - [13/Sep/2024:02:18:18 -0400] "GET /assets/js/numeroALetras.js HTTP/1.1" 304 - "https://web.diproavilm.com/" "Mozilla/5.0 (Windows NT 10.0; Win64; x64) AppleWebKit/537.36 (KHTML, like Gecko) Chrome/128.0.0.0 Safari/537.36 Edg/128.0.0.0"
172.68.230.170 - - [13/Sep/2024:02:18:18 -0400] "GET /assets/js/main.js HTTP/1.1" 304 - "https://web.diproavilm.com/" "Mozilla/5.0 (Windows NT 10.0; Win64; x64) AppleWebKit/537.36 (KHTML, like Gecko) Chrome/128.0.0.0 Safari/537.36 Edg/128.0.0.0"
172.68.230.145 - - [13/Sep/2024:02:18:19 -0400] "GET /config.json HTTP/1.1" 200 211 "https://web.diproavilm.com/" "Mozilla/5.0 (Windows NT 10.0; Win64; x64) AppleWebKit/537.36 (KHTML, like Gecko) Chrome/128.0.0.0 Safari/537.36 Edg/128.0.0.0"
172.68.230.135 - - [13/Sep/2024:02:18:19 -0400] "GET /assets/images/icono.ico HTTP/1.1" 304 - "https://web.diproavilm.com/" "Mozilla/5.0 (Windows NT 10.0; Win64; x64) AppleWebKit/537.36 (KHTML, like Gecko) Chrome/128.0.0.0 Safari/537.36 Edg/128.0.0.0"
172.68.230.145 - - [13/Sep/2024:02:18:19 -0400] "GET /src/Views/skeleton/skeleton.php HTTP/1.1" 200 1973 "https://web.diproavilm.com/" "Mozilla/5.0 (Windows NT 10.0; Win64; x64) AppleWebKit/537.36 (KHTML, like Gecko) Chrome/128.0.0.0 Safari/537.36 Edg/128.0.0.0"
172.68.230.155 - - [13/Sep/2024:02:18:20 -0400] "GET /src/Views/skeleton/skeleton.css HTTP/1.1" 304 - "https://web.diproavilm.com/" "Mozilla/5.0 (Windows NT 10.0; Win64; x64) AppleWebKit/537.36 (KHTML, like Gecko) Chrome/128.0.0.0 Safari/537.36 Edg/128.0.0.0"
172.68.230.155 - - [13/Sep/2024:02:18:20 -0400] "GET /src/Views/skeleton/skeleton.js HTTP/1.1" 304 - "https://web.diproavilm.com/" "Mozilla/5.0 (Windows NT 10.0; Win64; x64) AppleWebKit/537.36 (KHTML, like Gecko) Chrome/128.0.0.0 Safari/537.36 Edg/128.0.0.0"
172.68.230.155 - - [13/Sep/2024:02:18:20 -0400] "GET /logo.png HTTP/1.1" 304 - "https://web.diproavilm.com/" "Mozilla/5.0 (Windows NT 10.0; Win64; x64) AppleWebKit/537.36 (KHTML, like Gecko) Chrome/128.0.0.0 Safari/537.36 Edg/128.0.0.0"
172.68.230.145 - - [13/Sep/2024:02:18:20 -0400] "GET /src/Controllers/BaseController.php?cont=lst_invvalorado&args= HTTP/1.1" 200 2559 "https://web.diproavilm.com/" "Mozilla/5.0 (Windows NT 10.0; Win64; x64) AppleWebKit/537.36 (KHTML, like Gecko) Chrome/128.0.0.0 Safari/537.36 Edg/128.0.0.0"
172.68.230.144 - - [13/Sep/2024:02:19:42 -0400] "GET /src/Controllers/BaseController.php?cont=noti&args= HTTP/1.1" 200 1750 "https://web.diproavilm.com/" "Mozilla/5.0 (Windows NT 10.0; Win64; x64) AppleWebKit/537.36 (KHTML, like Gecko) Chrome/128.0.0.0 Safari/537.36 Edg/128.0.0.0"
172.68.230.143 - - [13/Sep/2024:02:19:42 -0400] "GET /src/Views/noti/noti.js HTTP/1.1" 200 28080 "https://web.diproavilm.com/" "Mozilla/5.0 (Windows NT 10.0; Win64; x64) AppleWebKit/537.36 (KHTML, like Gecko) Chrome/128.0.0.0 Safari/537.36 Edg/128.0.0.0"
172.68.230.144 - - [13/Sep/2024:02:19:49 -0400] "GET /src/Controllers/BaseController.php?cont=lst_rotacion&args= HTTP/1.1" 200 2656 "https://web.diproavilm.com/" "Mozilla/5.0 (Windows NT 10.0; Win64; x64) AppleWebKit/537.36 (KHTML, like Gecko) Chrome/128.0.0.0 Safari/537.36 Edg/128.0.0.0"
172.68.230.165 - - [13/Sep/2024:02:19:49 -0400] "GET /src/Views/lst_rotacion/lst_rotacion.css HTTP/1.1" 200 - "https://web.diproavilm.com/" "Mozilla/5.0 (Windows NT 10.0; Win64; x64) AppleWebKit/537.36 (KHTML, like Gecko) Chrome/128.0.0.0 Safari/537.36 Edg/128.0.0.0"
172.68.230.142 - - [13/Sep/2024:02:19:49 -0400] "GET /src/Views/lst_rotacion/lst_rotacion.js HTTP/1.1" 200 14011 "https://web.diproavilm.com/" "Mozilla/5.0 (Windows NT 10.0; Win64; x64) AppleWebKit/537.36 (KHTML, like Gecko) Chrome/128.0.0.0 Safari/537.36 Edg/128.0.0.0"
172.68.230.144 - - [13/Sep/2024:02:20:06 -0400] "GET / HTTP/1.1" 200 4827 "https://web.diproavilm.com/" "Mozilla/5.0 (Windows NT 10.0; Win64; x64) AppleWebKit/537.36 (KHTML, like Gecko) Chrome/128.0.0.0 Safari/537.36 Edg/128.0.0.0"
172.68.230.144 - - [13/Sep/2024:02:20:07 -0400] "GET /src/Views/login/login.php HTTP/1.1" 200 2266 "https://web.diproavilm.com/" "Mozilla/5.0 (Windows NT 10.0; Win64; x64) AppleWebKit/537.36 (KHTML, like Gecko) Chrome/128.0.0.0 Safari/537.36 Edg/128.0.0.0"
172.68.230.155 - - [13/Sep/2024:02:20:07 -0400] "GET /src/Views/login/login.css HTTP/1.1" 304 - "https://web.diproavilm.com/" "Mozilla/5.0 (Windows NT 10.0; Win64; x64) AppleWebKit/537.36 (KHTML, like Gecko) Chrome/128.0.0.0 Safari/537.36 Edg/128.0.0.0"
172.68.230.162 - - [13/Sep/2024:02:20:07 -0400] "GET /src/Views/login/login.js HTTP/1.1" 304 - "https://web.diproavilm.com/" "Mozilla/5.0 (Windows NT 10.0; Win64; x64) AppleWebKit/537.36 (KHTML, like Gecko) Chrome/128.0.0.0 Safari/537.36 Edg/128.0.0.0"
172.68.230.138 - - [13/Sep/2024:02:20:07 -0400] "GET /assets/images/granja.jpg HTTP/1.1" 304 - "https://web.diproavilm.com/src/Views/login/login.css" "Mozilla/5.0 (Windows NT 10.0; Win64; x64) AppleWebKit/537.36 (KHTML, like Gecko) Chrome/128.0.0.0 Safari/537.36 Edg/128.0.0.0"
172.71.103.62 - - [13/Sep/2024:02:44:48 -0400] "GET /assets/images/icono.ico HTTP/1.1" 200 4286 "-" "Mozilla/5.0 (Windows NT 10.0; Win64; x64) AppleWebKit/537.36 (KHTML, like Gecko) Chrome/102.0.5005.63 Safari/537.36"
172.68.125.141 - - [13/Sep/2024:08:47:20 -0400] "GET / HTTP/1.1" 200 4827 "-" "Mozilla/5.0 (Windows NT 10.0; Win64; x64) AppleWebKit/537.36 (KHTML, like Gecko) Chrome/128.0.0.0 Safari/537.36"
172.68.125.130 - - [13/Sep/2024:08:47:20 -0400] "GET /assets/images/icono6UG8Blanco.png HTTP/1.1" 304 - "https://web.diproavilm.com/" "Mozilla/5.0 (Windows NT 10.0; Win64; x64) AppleWebKit/537.36 (KHTML, like Gecko) Chrome/128.0.0.0 Safari/537.36"
172.68.125.131 - - [13/Sep/2024:08:47:20 -0400] "GET /assets/js/main.js HTTP/1.1" 304 - "https://web.diproavilm.com/" "Mozilla/5.0 (Windows NT 10.0; Win64; x64) AppleWebKit/537.36 (KHTML, like Gecko) Chrome/128.0.0.0 Safari/537.36"
172.68.125.133 - - [13/Sep/2024:08:47:20 -0400] "GET /assets/css/main.css HTTP/1.1" 304 - "https://web.diproavilm.com/" "Mozilla/5.0 (Windows NT 10.0; Win64; x64) AppleWebKit/537.36 (KHTML, like Gecko) Chrome/128.0.0.0 Safari/537.36"
172.68.125.150 - - [13/Sep/2024:08:47:20 -0400] "GET /assets/js/numeroALetras.js HTTP/1.1" 304 - "https://web.diproavilm.com/" "Mozilla/5.0 (Windows NT 10.0; Win64; x64) AppleWebKit/537.36 (KHTML, like Gecko) Chrome/128.0.0.0 Safari/537.36"
172.68.125.141 - - [13/Sep/2024:08:47:20 -0400] "GET /config.json HTTP/1.1" 200 211 "https://web.diproavilm.com/" "Mozilla/5.0 (Windows NT 10.0; Win64; x64) AppleWebKit/537.36 (KHTML, like Gecko) Chrome/128.0.0.0 Safari/537.36"
172.68.125.142 - - [13/Sep/2024:08:47:21 -0400] "GET /assets/images/icono.ico HTTP/1.1" 304 - "https://web.diproavilm.com/" "Mozilla/5.0 (Windows NT 10.0; Win64; x64) AppleWebKit/537.36 (KHTML, like Gecko) Chrome/128.0.0.0 Safari/537.36"
172.68.125.141 - - [13/Sep/2024:08:47:22 -0400] "GET /src/Views/login/login.php HTTP/1.1" 200 2266 "https://web.diproavilm.com/" "Mozilla/5.0 (Windows NT 10.0; Win64; x64) AppleWebKit/537.36 (KHTML, like Gecko) Chrome/128.0.0.0 Safari/537.36"
172.68.125.139 - - [13/Sep/2024:08:47:22 -0400] "GET /src/Views/login/login.css HTTP/1.1" 304 - "https://web.diproavilm.com/" "Mozilla/5.0 (Windows NT 10.0; Win64; x64) AppleWebKit/537.36 (KHTML, like Gecko) Chrome/128.0.0.0 Safari/537.36"
172.68.125.146 - - [13/Sep/2024:08:47:22 -0400] "GET /src/Views/login/login.js HTTP/1.1" 304 - "https://web.diproavilm.com/" "Mozilla/5.0 (Windows NT 10.0; Win64; x64) AppleWebKit/537.36 (KHTML, like Gecko) Chrome/128.0.0.0 Safari/537.36"
172.68.125.139 - - [13/Sep/2024:08:47:22 -0400] "GET /logo.png HTTP/1.1" 304 - "https://web.diproavilm.com/" "Mozilla/5.0 (Windows NT 10.0; Win64; x64) AppleWebKit/537.36 (KHTML, like Gecko) Chrome/128.0.0.0 Safari/537.36"
172.68.125.130 - - [13/Sep/2024:08:47:22 -0400] "GET /assets/images/granja.jpg HTTP/1.1" 304 - "https://web.diproavilm.com/src/Views/login/login.css" "Mozilla/5.0 (Windows NT 10.0; Win64; x64) AppleWebKit/537.36 (KHTML, like Gecko) Chrome/128.0.0.0 Safari/537.36"
172.68.230.132 - - [13/Sep/2024:10:09:46 -0400] "GET / HTTP/1.1" 200 4827 "-" "Mozilla/5.0 (Windows NT 10.0; Win64; x64) AppleWebKit/537.36 (KHTML, like Gecko) Chrome/128.0.0.0 Safari/537.36 Edg/128.0.0.0"
172.68.230.153 - - [13/Sep/2024:10:09:47 -0400] "GET /assets/images/icono6UG8Blanco.png HTTP/1.1" 304 - "https://web.diproavilm.com/" "Mozilla/5.0 (Windows NT 10.0; Win64; x64) AppleWebKit/537.36 (KHTML, like Gecko) Chrome/128.0.0.0 Safari/537.36 Edg/128.0.0.0"
172.68.230.164 - - [13/Sep/2024:10:09:47 -0400] "GET /assets/css/main.css HTTP/1.1" 304 - "https://web.diproavilm.com/" "Mozilla/5.0 (Windows NT 10.0; Win64; x64) AppleWebKit/537.36 (KHTML, like Gecko) Chrome/128.0.0.0 Safari/537.36 Edg/128.0.0.0"
172.68.230.171 - - [13/Sep/2024:10:09:47 -0400] "GET /assets/js/main.js HTTP/1.1" 304 - "https://web.diproavilm.com/" "Mozilla/5.0 (Windows NT 10.0; Win64; x64) AppleWebKit/537.36 (KHTML, like Gecko) Chrome/128.0.0.0 Safari/537.36 Edg/128.0.0.0"
172.68.230.154 - - [13/Sep/2024:10:09:47 -0400] "GET /assets/js/numeroALetras.js HTTP/1.1" 304 - "https://web.diproavilm.com/" "Mozilla/5.0 (Windows NT 10.0; Win64; x64) AppleWebKit/537.36 (KHTML, like Gecko) Chrome/128.0.0.0 Safari/537.36 Edg/128.0.0.0"
172.68.230.132 - - [13/Sep/2024:10:09:47 -0400] "GET /config.json HTTP/1.1" 200 211 "https://web.diproavilm.com/" "Mozilla/5.0 (Windows NT 10.0; Win64; x64) AppleWebKit/537.36 (KHTML, like Gecko) Chrome/128.0.0.0 Safari/537.36 Edg/128.0.0.0"
172.68.230.134 - - [13/Sep/2024:10:09:48 -0400] "GET /assets/images/icono.ico HTTP/1.1" 304 - "https://web.diproavilm.com/" "Mozilla/5.0 (Windows NT 10.0; Win64; x64) AppleWebKit/537.36 (KHTML, like Gecko) Chrome/128.0.0.0 Safari/537.36 Edg/128.0.0.0"
172.68.230.132 - - [13/Sep/2024:10:09:48 -0400] "GET /src/Views/login/login.php HTTP/1.1" 200 2266 "https://web.diproavilm.com/" "Mozilla/5.0 (Windows NT 10.0; Win64; x64) AppleWebKit/537.36 (KHTML, like Gecko) Chrome/128.0.0.0 Safari/537.36 Edg/128.0.0.0"
172.68.230.154 - - [13/Sep/2024:10:09:48 -0400] "GET /src/Views/login/login.css HTTP/1.1" 304 - "https://web.diproavilm.com/" "Mozilla/5.0 (Windows NT 10.0; Win64; x64) AppleWebKit/537.36 (KHTML, like Gecko) Chrome/128.0.0.0 Safari/537.36 Edg/128.0.0.0"
172.68.230.163 - - [13/Sep/2024:10:09:48 -0400] "GET /src/Views/login/login.js HTTP/1.1" 304 - "https://web.diproavilm.com/" "Mozilla/5.0 (Windows NT 10.0; Win64; x64) AppleWebKit/537.36 (KHTML, like Gecko) Chrome/128.0.0.0 Safari/537.36 Edg/128.0.0.0"
172.68.230.154 - - [13/Sep/2024:10:09:49 -0400] "GET /logo.png HTTP/1.1" 304 - "https://web.diproavilm.com/" "Mozilla/5.0 (Windows NT 10.0; Win64; x64) AppleWebKit/537.36 (KHTML, like Gecko) Chrome/128.0.0.0 Safari/537.36 Edg/128.0.0.0"
172.68.230.138 - - [13/Sep/2024:10:09:49 -0400] "GET /assets/images/granja.jpg HTTP/1.1" 304 - "https://web.diproavilm.com/src/Views/login/login.css" "Mozilla/5.0 (Windows NT 10.0; Win64; x64) AppleWebKit/537.36 (KHTML, like Gecko) Chrome/128.0.0.0 Safari/537.36 Edg/128.0.0.0"
172.68.230.133 - - [13/Sep/2024:10:09:58 -0400] "GET / HTTP/1.1" 200 4827 "https://web.diproavilm.com/" "Mozilla/5.0 (Windows NT 10.0; Win64; x64) AppleWebKit/537.36 (KHTML, like Gecko) Chrome/128.0.0.0 Safari/537.36 Edg/128.0.0.0"
172.68.230.133 - - [13/Sep/2024:10:09:59 -0400] "GET /src/Views/skeleton/skeleton.php HTTP/1.1" 200 1973 "https://web.diproavilm.com/" "Mozilla/5.0 (Windows NT 10.0; Win64; x64) AppleWebKit/537.36 (KHTML, like Gecko) Chrome/128.0.0.0 Safari/537.36 Edg/128.0.0.0"
172.68.230.154 - - [13/Sep/2024:10:09:59 -0400] "GET /src/Views/skeleton/skeleton.js HTTP/1.1" 304 - "https://web.diproavilm.com/" "Mozilla/5.0 (Windows NT 10.0; Win64; x64) AppleWebKit/537.36 (KHTML, like Gecko) Chrome/128.0.0.0 Safari/537.36 Edg/128.0.0.0"
172.68.230.155 - - [13/Sep/2024:10:09:59 -0400] "GET /src/Views/skeleton/skeleton.css HTTP/1.1" 304 - "https://web.diproavilm.com/" "Mozilla/5.0 (Windows NT 10.0; Win64; x64) AppleWebKit/537.36 (KHTML, like Gecko) Chrome/128.0.0.0 Safari/537.36 Edg/128.0.0.0"
172.68.230.133 - - [13/Sep/2024:10:10:00 -0400] "GET /src/Controllers/BaseController.php?cont=dashventas&args= HTTP/1.1" 200 4703 "https://web.diproavilm.com/" "Mozilla/5.0 (Windows NT 10.0; Win64; x64) AppleWebKit/537.36 (KHTML, like Gecko) Chrome/128.0.0.0 Safari/537.36 Edg/128.0.0.0"
172.68.230.162 - - [13/Sep/2024:10:10:00 -0400] "GET /src/Views/dashventas/dashventas.css HTTP/1.1" 304 - "https://web.diproavilm.com/" "Mozilla/5.0 (Windows NT 10.0; Win64; x64) AppleWebKit/537.36 (KHTML, like Gecko) Chrome/128.0.0.0 Safari/537.36 Edg/128.0.0.0"
172.68.230.157 - - [13/Sep/2024:10:10:00 -0400] "GET /src/Views/dashventas/dashventas.js HTTP/1.1" 304 - "https://web.diproavilm.com/" "Mozilla/5.0 (Windows NT 10.0; Win64; x64) AppleWebKit/537.36 (KHTML, like Gecko) Chrome/128.0.0.0 Safari/537.36 Edg/128.0.0.0"
172.68.230.132 - - [13/Sep/2024:10:10:07 -0400] "GET /src/Controllers/BaseController.php?cont=roles&args= HTTP/1.1" 200 5752 "https://web.diproavilm.com/" "Mozilla/5.0 (Windows NT 10.0; Win64; x64) AppleWebKit/537.36 (KHTML, like Gecko) Chrome/128.0.0.0 Safari/537.36 Edg/128.0.0.0"
172.68.230.139 - - [13/Sep/2024:10:10:08 -0400] "GET /src/Views/roles/roles.js HTTP/1.1" 200 24483 "https://web.diproavilm.com/" "Mozilla/5.0 (Windows NT 10.0; Win64; x64) AppleWebKit/537.36 (KHTML, like Gecko) Chrome/128.0.0.0 Safari/537.36 Edg/128.0.0.0"
172.68.230.143 - - [13/Sep/2024:10:10:08 -0400] "GET /src/Views/roles/roles.css HTTP/1.1" 200 - "https://web.diproavilm.com/" "Mozilla/5.0 (Windows NT 10.0; Win64; x64) AppleWebKit/537.36 (KHTML, like Gecko) Chrome/128.0.0.0 Safari/537.36 Edg/128.0.0.0"
172.68.230.133 - - [13/Sep/2024:10:14:04 -0400] "GET /src/Controllers/BaseController.php?cont=users&args= HTTP/1.1" 200 5588 "https://web.diproavilm.com/" "Mozilla/5.0 (Windows NT 10.0; Win64; x64) AppleWebKit/537.36 (KHTML, like Gecko) Chrome/128.0.0.0 Safari/537.36 Edg/128.0.0.0"
172.68.230.133 - - [13/Sep/2024:10:14:05 -0400] "GET /src/Views/users/users.js HTTP/1.1" 304 - "https://web.diproavilm.com/" "Mozilla/5.0 (Windows NT 10.0; Win64; x64) AppleWebKit/537.36 (KHTML, like Gecko) Chrome/128.0.0.0 Safari/537.36 Edg/128.0.0.0"
172.68.230.155 - - [13/Sep/2024:10:14:05 -0400] "GET /src/Views/users/users.css HTTP/1.1" 304 - "https://web.diproavilm.com/" "Mozilla/5.0 (Windows NT 10.0; Win64; x64) AppleWebKit/537.36 (KHTML, like Gecko) Chrome/128.0.0.0 Safari/537.36 Edg/128.0.0.0"
172.68.125.136 - - [13/Sep/2024:11:44:20 -0400] "GET / HTTP/1.1" 200 4827 "-" "Mozilla/5.0 (Windows NT 10.0; Win64; x64) AppleWebKit/537.36 (KHTML, like Gecko) Chrome/128.0.0.0 Safari/537.36"
172.68.125.132 - - [13/Sep/2024:11:44:20 -0400] "GET /assets/css/main.css HTTP/1.1" 304 - "https://web.diproavilm.com/" "Mozilla/5.0 (Windows NT 10.0; Win64; x64) AppleWebKit/537.36 (KHTML, like Gecko) Chrome/128.0.0.0 Safari/537.36"
172.68.125.131 - - [13/Sep/2024:11:44:20 -0400] "GET /assets/images/icono6UG8Blanco.png HTTP/1.1" 304 - "https://web.diproavilm.com/" "Mozilla/5.0 (Windows NT 10.0; Win64; x64) AppleWebKit/537.36 (KHTML, like Gecko) Chrome/128.0.0.0 Safari/537.36"
172.68.125.151 - - [13/Sep/2024:11:44:20 -0400] "GET /assets/js/numeroALetras.js HTTP/1.1" 304 - "https://web.diproavilm.com/" "Mozilla/5.0 (Windows NT 10.0; Win64; x64) AppleWebKit/537.36 (KHTML, like Gecko) Chrome/128.0.0.0 Safari/537.36"
172.68.125.131 - - [13/Sep/2024:11:44:20 -0400] "GET /assets/js/main.js HTTP/1.1" 304 - "https://web.diproavilm.com/" "Mozilla/5.0 (Windows NT 10.0; Win64; x64) AppleWebKit/537.36 (KHTML, like Gecko) Chrome/128.0.0.0 Safari/537.36"
172.68.125.136 - - [13/Sep/2024:11:44:21 -0400] "GET /config.json HTTP/1.1" 200 211 "https://web.diproavilm.com/" "Mozilla/5.0 (Windows NT 10.0; Win64; x64) AppleWebKit/537.36 (KHTML, like Gecko) Chrome/128.0.0.0 Safari/537.36"
172.68.125.143 - - [13/Sep/2024:11:44:21 -0400] "GET /assets/images/icono.ico HTTP/1.1" 304 - "https://web.diproavilm.com/" "Mozilla/5.0 (Windows NT 10.0; Win64; x64) AppleWebKit/537.36 (KHTML, like Gecko) Chrome/128.0.0.0 Safari/537.36"
172.68.125.136 - - [13/Sep/2024:11:44:22 -0400] "GET /src/Views/login/login.php HTTP/1.1" 200 2266 "https://web.diproavilm.com/" "Mozilla/5.0 (Windows NT 10.0; Win64; x64) AppleWebKit/537.36 (KHTML, like Gecko) Chrome/128.0.0.0 Safari/537.36"
172.68.125.147 - - [13/Sep/2024:11:44:22 -0400] "GET /src/Views/login/login.js HTTP/1.1" 304 - "https://web.diproavilm.com/" "Mozilla/5.0 (Windows NT 10.0; Win64; x64) AppleWebKit/537.36 (KHTML, like Gecko) Chrome/128.0.0.0 Safari/537.36"
172.68.125.139 - - [13/Sep/2024:11:44:22 -0400] "GET /src/Views/login/login.css HTTP/1.1" 304 - "https://web.diproavilm.com/" "Mozilla/5.0 (Windows NT 10.0; Win64; x64) AppleWebKit/537.36 (KHTML, like Gecko) Chrome/128.0.0.0 Safari/537.36"
172.68.125.139 - - [13/Sep/2024:11:44:22 -0400] "GET /logo.png HTTP/1.1" 304 - "https://web.diproavilm.com/" "Mozilla/5.0 (Windows NT 10.0; Win64; x64) AppleWebKit/537.36 (KHTML, like Gecko) Chrome/128.0.0.0 Safari/537.36"
172.68.125.131 - - [13/Sep/2024:11:44:22 -0400] "GET /assets/images/granja.jpg HTTP/1.1" 304 - "https://web.diproavilm.com/src/Views/login/login.css" "Mozilla/5.0 (Windows NT 10.0; Win64; x64) AppleWebKit/537.36 (KHTML, like Gecko) Chrome/128.0.0.0 Safari/537.36"
172.68.230.163 - - [13/Sep/2024:11:45:19 -0400] "GET / HTTP/1.1" 200 4827 "-" "Mozilla/5.0 (Windows NT 6.3; Win64; x64) AppleWebKit/537.36 (KHTML, like Gecko) Chrome/109.0.0.0 Safari/537.36 OPR/95.0.0.0"
172.68.230.163 - - [13/Sep/2024:11:45:20 -0400] "GET /config.json HTTP/1.1" 200 211 "https://web.diproavilm.com/" "Mozilla/5.0 (Windows NT 6.3; Win64; x64) AppleWebKit/537.36 (KHTML, like Gecko) Chrome/109.0.0.0 Safari/537.36 OPR/95.0.0.0"
172.68.230.134 - - [13/Sep/2024:11:45:20 -0400] "GET /assets/images/icono.ico HTTP/1.1" 200 4286 "https://web.diproavilm.com/" "Mozilla/5.0 (Windows NT 6.3; Win64; x64) AppleWebKit/537.36 (KHTML, like Gecko) Chrome/109.0.0.0 Safari/537.36 OPR/95.0.0.0"
172.68.230.163 - - [13/Sep/2024:11:45:21 -0400] "GET /src/Views/login/login.php HTTP/1.1" 200 2266 "https://web.diproavilm.com/" "Mozilla/5.0 (Windows NT 6.3; Win64; x64) AppleWebKit/537.36 (KHTML, like Gecko) Chrome/109.0.0.0 Safari/537.36 OPR/95.0.0.0"
172.68.230.163 - - [13/Sep/2024:11:45:40 -0400] "GET /src/Views/establecerclave/establecerclave.php HTTP/1.1" 200 2925 "https://web.diproavilm.com/" "Mozilla/5.0 (Windows NT 6.3; Win64; x64) AppleWebKit/537.36 (KHTML, like Gecko) Chrome/109.0.0.0 Safari/537.36 OPR/95.0.0.0"
172.68.230.163 - - [13/Sep/2024:11:45:40 -0400] "GET /src/Views/establecerclave/establecerclave.css HTTP/1.1" 304 - "https://web.diproavilm.com/" "Mozilla/5.0 (Windows NT 6.3; Win64; x64) AppleWebKit/537.36 (KHTML, like Gecko) Chrome/109.0.0.0 Safari/537.36 OPR/95.0.0.0"
172.68.230.143 - - [13/Sep/2024:11:45:40 -0400] "GET /src/Views/establecerclave/establecerclave.js HTTP/1.1" 304 - "https://web.diproavilm.com/" "Mozilla/5.0 (Windows NT 6.3; Win64; x64) AppleWebKit/537.36 (KHTML, like Gecko) Chrome/109.0.0.0 Safari/537.36 OPR/95.0.0.0"
172.68.230.163 - - [13/Sep/2024:11:46:05 -0400] "GET / HTTP/1.1" 200 4827 "https://web.diproavilm.com/" "Mozilla/5.0 (Windows NT 6.3; Win64; x64) AppleWebKit/537.36 (KHTML, like Gecko) Chrome/109.0.0.0 Safari/537.36 OPR/95.0.0.0"
172.68.230.163 - - [13/Sep/2024:11:46:06 -0400] "GET /src/Views/login/login.php HTTP/1.1" 200 2266 "https://web.diproavilm.com/" "Mozilla/5.0 (Windows NT 6.3; Win64; x64) AppleWebKit/537.36 (KHTML, like Gecko) Chrome/109.0.0.0 Safari/537.36 OPR/95.0.0.0"
172.68.230.163 - - [13/Sep/2024:11:46:19 -0400] "GET / HTTP/1.1" 200 4827 "https://web.diproavilm.com/" "Mozilla/5.0 (Windows NT 6.3; Win64; x64) AppleWebKit/537.36 (KHTML, like Gecko) Chrome/109.0.0.0 Safari/537.36 OPR/95.0.0.0"
172.68.230.163 - - [13/Sep/2024:11:46:20 -0400] "GET /src/Views/skeleton/skeleton.php HTTP/1.1" 200 1973 "https://web.diproavilm.com/" "Mozilla/5.0 (Windows NT 6.3; Win64; x64) AppleWebKit/537.36 (KHTML, like Gecko) Chrome/109.0.0.0 Safari/537.36 OPR/95.0.0.0"
172.68.230.163 - - [13/Sep/2024:11:46:21 -0400] "GET /src/Controllers/BaseController.php?cont=dashventas&args= HTTP/1.1" 200 4703 "https://web.diproavilm.com/" "Mozilla/5.0 (Windows NT 6.3; Win64; x64) AppleWebKit/537.36 (KHTML, like Gecko) Chrome/109.0.0.0 Safari/537.36 OPR/95.0.0.0"
172.68.230.163 - - [13/Sep/2024:11:46:25 -0400] "GET /src/Controllers/BaseController.php?cont=dashventas&args= HTTP/1.1" 200 4703 "https://web.diproavilm.com/" "Mozilla/5.0 (Windows NT 6.3; Win64; x64) AppleWebKit/537.36 (KHTML, like Gecko) Chrome/109.0.0.0 Safari/537.36 OPR/95.0.0.0"
172.68.230.163 - - [13/Sep/2024:11:46:27 -0400] "GET /src/Controllers/BaseController.php?cont=dashcompras&args= HTTP/1.1" 200 1209 "https://web.diproavilm.com/" "Mozilla/5.0 (Windows NT 6.3; Win64; x64) AppleWebKit/537.36 (KHTML, like Gecko) Chrome/109.0.0.0 Safari/537.36 OPR/95.0.0.0"
172.68.230.164 - - [13/Sep/2024:11:46:27 -0400] "GET /src/Views/error/error.css HTTP/1.1" 304 - "https://web.diproavilm.com/" "Mozilla/5.0 (Windows NT 6.3; Win64; x64) AppleWebKit/537.36 (KHTML, like Gecko) Chrome/109.0.0.0 Safari/537.36 OPR/95.0.0.0"
172.68.230.163 - - [13/Sep/2024:11:46:30 -0400] "GET /src/Controllers/BaseController.php?cont=users&args= HTTP/1.1" 200 5588 "https://web.diproavilm.com/" "Mozilla/5.0 (Windows NT 6.3; Win64; x64) AppleWebKit/537.36 (KHTML, like Gecko) Chrome/109.0.0.0 Safari/537.36 OPR/95.0.0.0"
172.68.230.163 - - [13/Sep/2024:11:46:34 -0400] "GET /src/Controllers/BaseController.php?cont=config&args= HTTP/1.1" 200 3473 "https://web.diproavilm.com/" "Mozilla/5.0 (Windows NT 6.3; Win64; x64) AppleWebKit/537.36 (KHTML, like Gecko) Chrome/109.0.0.0 Safari/537.36 OPR/95.0.0.0"
172.68.230.132 - - [13/Sep/2024:11:46:34 -0400] "GET /src/Views/config/config.css HTTP/1.1" 200 - "https://web.diproavilm.com/" "Mozilla/5.0 (Windows NT 6.3; Win64; x64) AppleWebKit/537.36 (KHTML, like Gecko) Chrome/109.0.0.0 Safari/537.36 OPR/95.0.0.0"
172.68.230.144 - - [13/Sep/2024:11:46:35 -0400] "GET /src/Views/config/config.js HTTP/1.1" 200 8887 "https://web.diproavilm.com/" "Mozilla/5.0 (Windows NT 6.3; Win64; x64) AppleWebKit/537.36 (KHTML, like Gecko) Chrome/109.0.0.0 Safari/537.36 OPR/95.0.0.0"
172.68.230.163 - - [13/Sep/2024:11:46:38 -0400] "GET /src/Controllers/BaseController.php?cont=lst_kardex&args= HTTP/1.1" 200 4848 "https://web.diproavilm.com/" "Mozilla/5.0 (Windows NT 6.3; Win64; x64) AppleWebKit/537.36 (KHTML, like Gecko) Chrome/109.0.0.0 Safari/537.36 OPR/95.0.0.0"
172.68.230.170 - - [13/Sep/2024:11:46:38 -0400] "GET /src/Views/lst_kardex/lst_kardex.js HTTP/1.1" 200 19476 "https://web.diproavilm.com/" "Mozilla/5.0 (Windows NT 6.3; Win64; x64) AppleWebKit/537.36 (KHTML, like Gecko) Chrome/109.0.0.0 Safari/537.36 OPR/95.0.0.0"
172.68.230.163 - - [13/Sep/2024:11:46:52 -0400] "GET /src/Controllers/BaseController.php?cont=noti&args= HTTP/1.1" 200 1750 "https://web.diproavilm.com/" "Mozilla/5.0 (Windows NT 6.3; Win64; x64) AppleWebKit/537.36 (KHTML, like Gecko) Chrome/109.0.0.0 Safari/537.36 OPR/95.0.0.0"
172.68.230.143 - - [13/Sep/2024:11:46:52 -0400] "GET /src/Views/noti/noti.js HTTP/1.1" 304 - "https://web.diproavilm.com/" "Mozilla/5.0 (Windows NT 6.3; Win64; x64) AppleWebKit/537.36 (KHTML, like Gecko) Chrome/109.0.0.0 Safari/537.36 OPR/95.0.0.0"
172.68.230.163 - - [13/Sep/2024:11:47:16 -0400] "GET /src/Controllers/BaseController.php?cont=users&args= HTTP/1.1" 200 5588 "https://web.diproavilm.com/" "Mozilla/5.0 (Windows NT 6.3; Win64; x64) AppleWebKit/537.36 (KHTML, like Gecko) Chrome/109.0.0.0 Safari/537.36 OPR/95.0.0.0"
